Archive member included to satisfy reference by file (symbol)

C:/ST/STM32CubeIDE_1.16.0/STM32CubeIDE/plugins/com.st.stm32cube.ide.mcu.externaltools.gnu-tools-for-stm32.12.3.rel1.win32_1.0.200.202406191623/tools/bin/../lib/gcc/arm-none-eabi/12.3.1/../../../../arm-none-eabi/lib/thumb/v7e-m+fp/hard\libc_nano.a(libc_a-exit.o)
                              C:/ST/STM32CubeIDE_1.16.0/STM32CubeIDE/plugins/com.st.stm32cube.ide.mcu.externaltools.gnu-tools-for-stm32.12.3.rel1.win32_1.0.200.202406191623/tools/bin/../lib/gcc/arm-none-eabi/12.3.1/../../../../arm-none-eabi/lib/thumb/v7e-m+fp/hard/crt0.o (exit)
C:/ST/STM32CubeIDE_1.16.0/STM32CubeIDE/plugins/com.st.stm32cube.ide.mcu.externaltools.gnu-tools-for-stm32.12.3.rel1.win32_1.0.200.202406191623/tools/bin/../lib/gcc/arm-none-eabi/12.3.1/../../../../arm-none-eabi/lib/thumb/v7e-m+fp/hard\libc_nano.a(libc_a-findfp.o)
                              C:/ST/STM32CubeIDE_1.16.0/STM32CubeIDE/plugins/com.st.stm32cube.ide.mcu.externaltools.gnu-tools-for-stm32.12.3.rel1.win32_1.0.200.202406191623/tools/bin/../lib/gcc/arm-none-eabi/12.3.1/../../../../arm-none-eabi/lib/thumb/v7e-m+fp/hard\libc_nano.a(libc_a-exit.o) (__stdio_exit_handler)
C:/ST/STM32CubeIDE_1.16.0/STM32CubeIDE/plugins/com.st.stm32cube.ide.mcu.externaltools.gnu-tools-for-stm32.12.3.rel1.win32_1.0.200.202406191623/tools/bin/../lib/gcc/arm-none-eabi/12.3.1/../../../../arm-none-eabi/lib/thumb/v7e-m+fp/hard\libc_nano.a(libc_a-fwalk.o)
                              C:/ST/STM32CubeIDE_1.16.0/STM32CubeIDE/plugins/com.st.stm32cube.ide.mcu.externaltools.gnu-tools-for-stm32.12.3.rel1.win32_1.0.200.202406191623/tools/bin/../lib/gcc/arm-none-eabi/12.3.1/../../../../arm-none-eabi/lib/thumb/v7e-m+fp/hard\libc_nano.a(libc_a-findfp.o) (_fwalk_sglue)
C:/ST/STM32CubeIDE_1.16.0/STM32CubeIDE/plugins/com.st.stm32cube.ide.mcu.externaltools.gnu-tools-for-stm32.12.3.rel1.win32_1.0.200.202406191623/tools/bin/../lib/gcc/arm-none-eabi/12.3.1/../../../../arm-none-eabi/lib/thumb/v7e-m+fp/hard\libc_nano.a(libc_a-stdio.o)
                              C:/ST/STM32CubeIDE_1.16.0/STM32CubeIDE/plugins/com.st.stm32cube.ide.mcu.externaltools.gnu-tools-for-stm32.12.3.rel1.win32_1.0.200.202406191623/tools/bin/../lib/gcc/arm-none-eabi/12.3.1/../../../../arm-none-eabi/lib/thumb/v7e-m+fp/hard\libc_nano.a(libc_a-findfp.o) (__sread)
C:/ST/STM32CubeIDE_1.16.0/STM32CubeIDE/plugins/com.st.stm32cube.ide.mcu.externaltools.gnu-tools-for-stm32.12.3.rel1.win32_1.0.200.202406191623/tools/bin/../lib/gcc/arm-none-eabi/12.3.1/../../../../arm-none-eabi/lib/thumb/v7e-m+fp/hard\libc_nano.a(libc_a-memset.o)
                              C:/ST/STM32CubeIDE_1.16.0/STM32CubeIDE/plugins/com.st.stm32cube.ide.mcu.externaltools.gnu-tools-for-stm32.12.3.rel1.win32_1.0.200.202406191623/tools/bin/../lib/gcc/arm-none-eabi/12.3.1/../../../../arm-none-eabi/lib/thumb/v7e-m+fp/hard/crt0.o (memset)
C:/ST/STM32CubeIDE_1.16.0/STM32CubeIDE/plugins/com.st.stm32cube.ide.mcu.externaltools.gnu-tools-for-stm32.12.3.rel1.win32_1.0.200.202406191623/tools/bin/../lib/gcc/arm-none-eabi/12.3.1/../../../../arm-none-eabi/lib/thumb/v7e-m+fp/hard\libc_nano.a(libc_a-closer.o)
                              C:/ST/STM32CubeIDE_1.16.0/STM32CubeIDE/plugins/com.st.stm32cube.ide.mcu.externaltools.gnu-tools-for-stm32.12.3.rel1.win32_1.0.200.202406191623/tools/bin/../lib/gcc/arm-none-eabi/12.3.1/../../../../arm-none-eabi/lib/thumb/v7e-m+fp/hard\libc_nano.a(libc_a-stdio.o) (_close_r)
C:/ST/STM32CubeIDE_1.16.0/STM32CubeIDE/plugins/com.st.stm32cube.ide.mcu.externaltools.gnu-tools-for-stm32.12.3.rel1.win32_1.0.200.202406191623/tools/bin/../lib/gcc/arm-none-eabi/12.3.1/../../../../arm-none-eabi/lib/thumb/v7e-m+fp/hard\libc_nano.a(libc_a-reent.o)
                              C:/ST/STM32CubeIDE_1.16.0/STM32CubeIDE/plugins/com.st.stm32cube.ide.mcu.externaltools.gnu-tools-for-stm32.12.3.rel1.win32_1.0.200.202406191623/tools/bin/../lib/gcc/arm-none-eabi/12.3.1/../../../../arm-none-eabi/lib/thumb/v7e-m+fp/hard\libc_nano.a(libc_a-closer.o) (errno)
C:/ST/STM32CubeIDE_1.16.0/STM32CubeIDE/plugins/com.st.stm32cube.ide.mcu.externaltools.gnu-tools-for-stm32.12.3.rel1.win32_1.0.200.202406191623/tools/bin/../lib/gcc/arm-none-eabi/12.3.1/../../../../arm-none-eabi/lib/thumb/v7e-m+fp/hard\libc_nano.a(libc_a-impure.o)
                              C:/ST/STM32CubeIDE_1.16.0/STM32CubeIDE/plugins/com.st.stm32cube.ide.mcu.externaltools.gnu-tools-for-stm32.12.3.rel1.win32_1.0.200.202406191623/tools/bin/../lib/gcc/arm-none-eabi/12.3.1/../../../../arm-none-eabi/lib/thumb/v7e-m+fp/hard\libc_nano.a(libc_a-reent.o) (_impure_ptr)
C:/ST/STM32CubeIDE_1.16.0/STM32CubeIDE/plugins/com.st.stm32cube.ide.mcu.externaltools.gnu-tools-for-stm32.12.3.rel1.win32_1.0.200.202406191623/tools/bin/../lib/gcc/arm-none-eabi/12.3.1/../../../../arm-none-eabi/lib/thumb/v7e-m+fp/hard\libc_nano.a(libc_a-lseekr.o)
[...]
Memory Configuration

Name             Origin             Length             Attributes
RAM              0x20000000         0x00018000         xrw
FLASH            0x08000000         0x00080000         xr
*default*        0x00000000         0xffffffff

Linker script and memory map

LOAD C:/ST/STM32CubeIDE_1.16.0/STM32CubeIDE/plugins/com.st.stm32cube.ide.mcu.externaltools.gnu-tools-for-stm32.12.3.rel1.win32_1.0.200.202406191623/tools/bin/../lib/gcc/arm-none-eabi/12.3.1/thumb/v7e-m+fp/hard/crti.o
LOAD C:/ST/STM32CubeIDE_1.16.0/STM32CubeIDE/plugins/com.st.stm32cube.ide.mcu.externaltools.gnu-tools-for-stm32.12.3.rel1.win32_1.0.200.202406191623/tools/bin/../lib/gcc/arm-none-eabi/12.3.1/thumb/v7e-m+fp/hard/crtbegin.o
LOAD C:/ST/STM32CubeIDE_1.16.0/STM32CubeIDE/plugins/com.st.stm32cube.ide.mcu.externaltools.gnu-tools-for-stm32.12.3.rel1.win32_1.0.200.202406191623/tools/bin/../lib/gcc/arm-none-eabi/12.3.1/../../../../arm-none-eabi/lib/thumb/v7e-m+fp/hard/crt0.o
LOAD ./MiddleWares/Third_Party/FreeRTOS/org/croutine.o
LOAD ./MiddleWares/Third_Party/FreeRTOS/org/event_groups.o
LOAD ./MiddleWares/Third_Party/FreeRTOS/org/list.o
LOAD ./MiddleWares/Third_Party/FreeRTOS/org/queue.o
LOAD ./MiddleWares/Third_Party/FreeRTOS/org/stream_buffer.o
LOAD ./MiddleWares/Third_Party/FreeRTOS/org/tasks.o
LOAD ./MiddleWares/Third_Party/FreeRTOS/org/timers.o
LOAD ./MiddleWares/Third_Party/FreeRTOS/org/portable/GCC/ARM_CM4F/port.o
LOAD ./MiddleWares/Third_Party/FreeRTOS/org/portable/MemMang/heap_4.o
LOAD ./Src/main.o
LOAD ./Src/syscalls.o
LOAD ./Startup/startup_stm32f401retx.o
LOAD ./mydriver/Src/EXTI.o
LOAD ./mydriver/Src/GPIO.o
LOAD ./mydriver/Src/I2C.o
LOAD ./mydriver/Src/RCC.o
LOAD ./mydriver/Src/SPI.o
LOAD ./mydriver/Src/USART.o
START GROUP
LOAD C:/ST/STM32CubeIDE_1.16.0/STM32CubeIDE/plugins/com.st.stm32cube.ide.mcu.externaltools.gnu-tools-for-stm32.12.3.rel1.win32_1.0.200.202406191623/tools/bin/../lib/gcc/arm-none-eabi/12.3.1/../../../../arm-none-eabi/lib/thumb/v7e-m+fp/hard\libc_nano.a
LOAD C:/ST/STM32CubeIDE_1.16.0/STM32CubeIDE/plugins/com.st.stm32cube.ide.mcu.externaltools.gnu-tools-for-stm32.12.3.rel1.win32_1.0.200.202406191623/tools/bin/../lib/gcc/arm-none-eabi/12.3.1/../../../../arm-none-eabi/lib/thumb/v7e-m+fp/hard\libm.a
END GROUP
START GROUP
LOAD C:/ST/STM32CubeIDE_1.16.0/STM32CubeIDE/plugins/com.st.stm32cube.ide.mcu.externaltools.gnu-tools-for-stm32.12.3.rel1.win32_1.0.200.202406191623/tools/bin/../lib/gcc/arm-none-eabi/12.3.1/thumb/v7e-m+fp/hard\libgcc.a
LOAD C:/ST/STM32CubeIDE_1.16.0/STM32CubeIDE/plugins/com.st.stm32cube.ide.mcu.externaltools.gnu-tools-for-stm32.12.3.rel1.win32_1.0.200.202406191623/tools/bin/../lib/gcc/arm-none-eabi/12.3.1/../../../../arm-none-eabi/lib/thumb/v7e-m+fp/hard\libc_nano.a
END GROUP
START GROUP
LOAD C:/ST/STM32CubeIDE_1.16.0/STM32CubeIDE/plugins/com.st.stm32cube.ide.mcu.externaltools.gnu-tools-for-stm32.12.3.rel1.win32_1.0.200.202406191623/tools/bin/../lib/gcc/arm-none-eabi/12.3.1/thumb/v7e-m+fp/hard\libgcc.a
LOAD C:/ST/STM32CubeIDE_1.16.0/STM32CubeIDE/plugins/com.st.stm32cube.ide.mcu.externaltools.gnu-tools-for-stm32.12.3.rel1.win32_1.0.200.202406191623/tools/bin/../lib/gcc/arm-none-eabi/12.3.1/../../../../arm-none-eabi/lib/thumb/v7e-m+fp/hard\libc_nano.a
LOAD C:/ST/STM32CubeIDE_1.16.0/STM32CubeIDE/plugins/com.st.stm32cube.ide.mcu.externaltools.gnu-tools-for-stm32.12.3.rel1.win32_1.0.200.202406191623/tools/bin/../lib/gcc/arm-none-eabi/12.3.1/../../../../arm-none-eabi/lib/thumb/v7e-m+fp/hard\libnosys.a
END GROUP
START GROUP
LOAD C:/ST/STM32CubeIDE_1.16.0/STM32CubeIDE/plugins/com.st.stm32cube.ide.mcu.externaltools.gnu-tools-for-stm32.12.3.rel1.win32_1.0.200.202406191623/tools/bin/../lib/gcc/arm-none-eabi/12.3.1/thumb/v7e-m+fp/hard\libgcc.a
LOAD C:/ST/STM32CubeIDE_1.16.0/STM32CubeIDE/plugins/com.st.stm32cube.ide.mcu.externaltools.gnu-tools-for-stm32.12.3.rel1.win32_1.0.200.202406191623/tools/bin/../lib/gcc/arm-none-eabi/12.3.1/../../../../arm-none-eabi/lib/thumb/v7e-m+fp/hard\libc_nano.a
LOAD C:/ST/STM32CubeIDE_1.16.0/STM32CubeIDE/plugins/com.st.stm32cube.ide.mcu.externaltools.gnu-tools-for-stm32.12.3.rel1.win32_1.0.200.202406191623/tools/bin/../lib/gcc/arm-none-eabi/12.3.1/../../../../arm-none-eabi/lib/thumb/v7e-m+fp/hard\libnosys.a
END GROUP
LOAD C:/ST/STM32CubeIDE_1.16.0/STM32CubeIDE/plugins/com.st.stm32cube.ide.mcu.externaltools.gnu-tools-for-stm32.12.3.rel1.win32_1.0.200.202406191623/tools/bin/../lib/gcc/arm-none-eabi/12.3.1/thumb/v7e-m+fp/hard/crtend.o
LOAD C:/ST/STM32CubeIDE_1.16.0/STM32CubeIDE/plugins/com.st.stm32cube.ide.mcu.externaltools.gnu-tools-for-stm32.12.3.rel1.win32_1.0.200.202406191623/tools/bin/../lib/gcc/arm-none-eabi/12.3.1/thumb/v7e-m+fp/hard/crtn.o
                0x20018000                        _estack = (ORIGIN (RAM) + LENGTH (RAM))
                0x00000200                        _Min_Heap_Size = 0x200
                0x00000400                        _Min_Stack_Size = 0x400

.isr_vector     0x08000000      0x194
                0x08000000                        . = ALIGN (0x4)
 *(.isr_vector)
 .isr_vector    0x08000000      0x194 ./Startup/startup_stm32f401retx.o
                0x08000000                g_pfnVectors
                0x08000194                        . = ALIGN (0x4)

.text           0x080001a0     0x2e6c
                0x080001a0                        . = ALIGN (0x4)
 *(.text)
 .text          0x080001a0       0x40 C:/ST/STM32CubeIDE_1.16.0/STM32CubeIDE/plugins/com.st.stm32cube.ide.mcu.externaltools.gnu-tools-for-stm32.12.3.rel1.win32_1.0.200.202406191623/tools/bin/../lib/gcc/arm-none-eabi/12.3.1/thumb/v7e-m+fp/hard/crtbegin.o
 *(.text*)
 .text.vListInitialise
                0x080001e0       0x40 ./MiddleWares/Third_Party/FreeRTOS/org/list.o
                0x080001e0                vListInitialise
 .text.vListInitialiseItem
                0x08000220       0x1a ./MiddleWares/Third_Party/FreeRTOS/org/list.o
                0x08000220                vListInitialiseItem
 .text.vListInsert
                0x0800023a       0x72 ./MiddleWares/Third_Party/FreeRTOS/org/list.o
                0x0800023a                vListInsert
 .text.uxListRemove
                0x080002ac       0x54 ./MiddleWares/Third_Party/FreeRTOS/org/list.o
                0x080002ac                uxListRemove
 .text.xQueueGenericReset
                0x08000300      0x124 ./MiddleWares/Third_Party/FreeRTOS/org/queue.o
                0x08000300                xQueueGenericReset
 .text.xQueueGenericCreate
                0x08000424       0x9e ./MiddleWares/Third_Party/FreeRTOS/org/queue.o
                0x08000424                xQueueGenericCreate
 .text.prvInitialiseNewQueue
                0x080004c2       0x46 ./MiddleWares/Third_Party/FreeRTOS/org/queue.o
 .text.xQueueReceive
                0x08000508      0x1c4 ./MiddleWares/Third_Party/FreeRTOS/org/queue.o
                0x08000508                xQueueReceive
 .text.prvCopyDataFromQueue
                0x080006cc       0x4c ./MiddleWares/Third_Party/FreeRTOS/org/queue.o
 .text.prvUnlockQueue
                0x08000718       0xa4 ./MiddleWares/Third_Party/FreeRTOS/org/queue.o
 .text.prvIsQueueEmpty
                0x080007bc       0x2c ./MiddleWares/Third_Party/FreeRTOS/org/queue.o
 .text.vQueueAddToRegistry
                0x080007e8       0xa0 ./MiddleWares/Third_Party/FreeRTOS/org/queue.o
                0x080007e8                vQueueAddToRegistry
 .text.vQueueWaitForMessageRestricted
                0x08000888       0x68 ./MiddleWares/Third_Party/FreeRTOS/org/queue.o
                0x08000888                vQueueWaitForMessageRestricted
 .text.xTaskCreate
                0x080008f0       0x8c ./MiddleWares/Third_Party/FreeRTOS/org/tasks.o
                0x080008f0                xTaskCreate
 .text.prvInitialiseNewTask
                0x0800097c      0x120 ./MiddleWares/Third_Party/FreeRTOS/org/tasks.o
 .text.prvAddNewTaskToReadyList
                0x08000a9c      0x12c ./MiddleWares/Third_Party/FreeRTOS/org/tasks.o
 .text.vTaskStartScheduler
                0x08000bc8       0xa4 ./MiddleWares/Third_Party/FreeRTOS/org/tasks.o
                0x08000bc8                vTaskStartScheduler
 .text.vTaskSuspendAll
                0x08000c6c       0x1c ./MiddleWares/Third_Party/FreeRTOS/org/tasks.o
                0x08000c6c                vTaskSuspendAll
 .text.xTaskResumeAll
                0x08000c88      0x1f8 ./MiddleWares/Third_Party/FreeRTOS/org/tasks.o
                0x08000c88                xTaskResumeAll
 .text.xTaskGetTickCount
                0x08000e80       0x20 ./MiddleWares/Third_Party/FreeRTOS/org/tasks.o
                0x08000e80                xTaskGetTickCount
 .text.xTaskIncrementTick
                0x08000ea0      0x230 ./MiddleWares/Third_Party/FreeRTOS/org/tasks.o
                0x08000ea0                xTaskIncrementTick
 .text.vTaskSwitchContext
                0x080010d0       0xb8 ./MiddleWares/Third_Party/FreeRTOS/org/tasks.o
                0x080010d0                vTaskSwitchContext
 .text.vTaskPlaceOnEventList
                0x08001188       0x4c ./MiddleWares/Third_Party/FreeRTOS/org/tasks.o
                0x08001188                vTaskPlaceOnEventList
 .text.vTaskPlaceOnEventListRestricted
                0x080011d4       0x8c ./MiddleWares/Third_Party/FreeRTOS/org/tasks.o
                0x080011d4                vTaskPlaceOnEventListRestricted
 .text.xTaskRemoveFromEventList
                0x08001260      0x1b0 ./MiddleWares/Third_Party/FreeRTOS/org/tasks.o
                0x08001260                xTaskRemoveFromEventList
 .text.vTaskInternalSetTimeOutState
                0x08001410       0x2c ./MiddleWares/Third_Party/FreeRTOS/org/tasks.o
                0x08001410                vTaskInternalSetTimeOutState
 .text.xTaskCheckForTimeOut
                0x0800143c       0xd0 ./MiddleWares/Third_Party/FreeRTOS/org/tasks.o
                0x0800143c                xTaskCheckForTimeOut
 .text.vTaskMissedYield
                0x0800150c       0x18 ./MiddleWares/Third_Party/FreeRTOS/org/tasks.o
                0x0800150c                vTaskMissedYield
 .text.prvIdleTask
                0x08001524       0x30 ./MiddleWares/Third_Party/FreeRTOS/org/tasks.o
 .text.prvInitialiseTaskLists
                0x08001554       0x80 ./MiddleWares/Third_Party/FreeRTOS/org/tasks.o
 .text.prvCheckTasksWaitingTermination
                0x080015d4       0x5c ./MiddleWares/Third_Party/FreeRTOS/org/tasks.o
 .text.prvDeleteTCB
                0x08001630       0x20 ./MiddleWares/Third_Party/FreeRTOS/org/tasks.o
 .text.prvResetNextTaskUnblockTime
                0x08001650       0x38 ./MiddleWares/Third_Party/FreeRTOS/org/tasks.o
 .text.xTaskGetSchedulerState
                0x08001688       0x3c ./MiddleWares/Third_Party/FreeRTOS/org/tasks.o
                0x08001688                xTaskGetSchedulerState
 .text.prvAddCurrentTaskToDelayedList
                0x080016c4      0x100 ./MiddleWares/Third_Party/FreeRTOS/org/tasks.o
 .text.xTimerCreateTimerTask
                0x080017c4       0x68 ./MiddleWares/Third_Party/FreeRTOS/org/timers.o
                0x080017c4                xTimerCreateTimerTask
 .text.prvReloadTimer
                0x0800182c       0x42 ./MiddleWares/Third_Party/FreeRTOS/org/timers.o
 *fill*         0x0800186e        0x2 
 .text.prvProcessExpiredTimer
                0x08001870       0x60 ./MiddleWares/Third_Party/FreeRTOS/org/timers.o
 .text.prvTimerTask
                0x080018d0       0x26 ./MiddleWares/Third_Party/FreeRTOS/org/timers.o
 *fill*         0x080018f6        0x2 
 .text.prvProcessTimerOrBlockTask
                0x080018f8       0x9c ./MiddleWares/Third_Party/FreeRTOS/org/timers.o
 .text.prvGetNextExpireTime
                0x08001994       0x48 ./MiddleWares/Third_Party/FreeRTOS/org/timers.o
 .text.prvSampleTimeNow
                0x080019dc       0x40 ./MiddleWares/Third_Party/FreeRTOS/org/timers.o
 .text.prvInsertTimerInActiveList
                0x08001a1c       0x84 ./MiddleWares/Third_Party/FreeRTOS/org/timers.o
 .text.prvProcessReceivedCommands
                0x08001aa0      0x184 ./MiddleWares/Third_Party/FreeRTOS/org/timers.o
 .text.prvSwitchTimerLists
                0x08001c24       0x4c ./MiddleWares/Third_Party/FreeRTOS/org/timers.o
 .text.prvCheckForValidListAndQueue
                0x08001c70       0x6c ./MiddleWares/Third_Party/FreeRTOS/org/timers.o
 .text.pxPortInitialiseStack
                0x08001cdc       0x68 ./MiddleWares/Third_Party/FreeRTOS/org/portable/GCC/ARM_CM4F/port.o
                0x08001cdc                pxPortInitialiseStack
 .text.prvTaskExitError
                0x08001d44       0x5c ./MiddleWares/Third_Party/FreeRTOS/org/portable/GCC/ARM_CM4F/port.o
 .text.SVC_Handler
                0x08001da0       0x28 ./MiddleWares/Third_Party/FreeRTOS/org/portable/GCC/ARM_CM4F/port.o
                0x08001da0                SVC_Handler
 .text.prvPortStartFirstTask
                0x08001dc8       0x2c ./MiddleWares/Third_Party/FreeRTOS/org/portable/GCC/ARM_CM4F/port.o
 .text.xPortStartScheduler
                0x08001df4      0x148 ./MiddleWares/Third_Party/FreeRTOS/org/portable/GCC/ARM_CM4F/port.o
                0x08001df4                xPortStartScheduler
 .text.vPortEnterCritical
                0x08001f3c       0x64 ./MiddleWares/Third_Party/FreeRTOS/org/portable/GCC/ARM_CM4F/port.o
                0x08001f3c                vPortEnterCritical
 .text.vPortExitCritical
                0x08001fa0       0x54 ./MiddleWares/Third_Party/FreeRTOS/org/portable/GCC/ARM_CM4F/port.o
                0x08001fa0                vPortExitCritical
 *fill*         0x08001ff4        0xc 
 .text.PendSV_Handler
                0x08002000       0x68 ./MiddleWares/Third_Party/FreeRTOS/org/portable/GCC/ARM_CM4F/port.o
                0x08002000                PendSV_Handler
 .text.SysTick_Handler
                0x08002068       0x44 ./MiddleWares/Third_Party/FreeRTOS/org/portable/GCC/ARM_CM4F/port.o
                0x08002068                SysTick_Handler
 .text.vPortSetupTimerInterrupt
                0x080020ac       0x48 ./MiddleWares/Third_Party/FreeRTOS/org/portable/GCC/ARM_CM4F/port.o
                0x080020ac                vPortSetupTimerInterrupt
 .text.vPortEnableVFP
                0x080020f4       0x18 ./MiddleWares/Third_Party/FreeRTOS/org/portable/GCC/ARM_CM4F/port.o
 .text.pvPortMalloc
                0x0800210c      0x178 ./MiddleWares/Third_Party/FreeRTOS/org/portable/MemMang/heap_4.o
                0x0800210c                pvPortMalloc
 .text.vPortFree
                0x08002284       0xbc ./MiddleWares/Third_Party/FreeRTOS/org/portable/MemMang/heap_4.o
                0x08002284                vPortFree
 .text.prvHeapInit
                0x08002340       0xb8 ./MiddleWares/Third_Party/FreeRTOS/org/portable/MemMang/heap_4.o
 .text.prvInsertBlockIntoFreeList
                0x080023f8       0xb4 ./MiddleWares/Third_Party/FreeRTOS/org/portable/MemMang/heap_4.o
 .text.EXTI9_5_IRQHandler
                0x080024ac       0x34 ./Src/main.o
                0x080024ac                EXTI9_5_IRQHandler
 .text.main     0x080024e0       0x60 ./Src/main.o
                0x080024e0                main
 .text.GPIO_LedConfig
                0x08002540       0x8c ./Src/main.o
                0x08002540                GPIO_LedConfig
 .text.delay    0x080025cc       0x2e ./Src/main.o
                0x080025cc                delay
 *fill*         0x080025fa        0x2 
 .text.GPIO_InterruptConfig
                0x080025fc       0x58 ./Src/main.o
                0x080025fc                GPIO_InterruptConfig
 .text.USART_Config
                0x08002654       0x74 ./Src/main.o
                0x08002654                USART_Config
 .text.USART_GPIO_Config
                0x080026c8       0x64 ./Src/main.o
                0x080026c8                USART_GPIO_Config
 .text.Task1_Handler
                0x0800272c       0x58 ./Src/main.o
                0x0800272c                Task1_Handler
 .text.Task2_Handler
                0x08002784       0x58 ./Src/main.o
                0x08002784                Task2_Handler
 .text.Reset_Handler
                0x080027dc       0x50 ./Startup/startup_stm32f401retx.o
                0x080027dc                Reset_Handler
 .text.Default_Handler
                0x0800282c        0x2 ./Startup/startup_stm32f401retx.o
                0x0800282c                EXTI2_IRQHandler
                0x0800282c                DebugMon_Handler
                0x0800282c                SPI4_IRQHandler
                0x0800282c                TIM1_CC_IRQHandler
                0x0800282c                DMA2_Stream5_IRQHandler
                0x0800282c                HardFault_Handler
                0x0800282c                DMA1_Stream5_IRQHandler
                0x0800282c                SDIO_IRQHandler
                0x0800282c                TAMP_STAMP_IRQHandler
                0x0800282c                NMI_Handler
                0x0800282c                EXTI3_IRQHandler
                0x0800282c                TIM1_UP_TIM10_IRQHandler
                0x0800282c                I2C3_ER_IRQHandler
                0x0800282c                EXTI18_OTG_FS_WKUP_IRQHandler
                0x0800282c                EXTI0_IRQHandler
                0x0800282c                I2C2_EV_IRQHandler
                0x0800282c                DMA1_Stream2_IRQHandler
                0x0800282c                UsageFault_Handler
                0x0800282c                DMA2_Stream2_IRQHandler
                0x0800282c                SPI1_IRQHandler
                0x0800282c                TIM1_BRK_TIM9_IRQHandler
                0x0800282c                DMA2_Stream3_IRQHandler
                0x0800282c                USART6_IRQHandler
                0x0800282c                DMA2_Stream0_IRQHandler
                0x0800282c                TIM4_IRQHandler
                0x0800282c                I2C1_EV_IRQHandler
                0x0800282c                DMA1_Stream6_IRQHandler
                0x0800282c                DMA1_Stream1_IRQHandler
                0x0800282c                TIM3_IRQHandler
                0x0800282c                RCC_IRQHandler
                0x0800282c                Default_Handler
                0x0800282c                EXTI15_10_IRQHandler
                0x0800282c                ADC_IRQHandler
                0x0800282c                DMA1_Stream7_IRQHandler
                0x0800282c                TIM5_IRQHandler
                0x0800282c                DMA2_Stream7_IRQHandler
                0x0800282c                I2C3_EV_IRQHandler
                0x0800282c                SPI2_IRQHandler
                0x0800282c                MemManage_Handler
                0x0800282c                DMA1_Stream0_IRQHandler
                0x0800282c                EXTI4_IRQHandler
                0x0800282c                EXTI22_RTC_WKUP_IRQHandler
                0x0800282c                TIM2_IRQHandler
                0x0800282c                EXTI16_PVD_IRQHandler
                0x0800282c                TIM1_TRG_COM_TIM11_IRQHandler
                0x0800282c                EXTI1_IRQHandler
                0x0800282c                EXTI17_RTC_Alarm_IRQHandler
                0x0800282c                USART2_IRQHandler
                0x0800282c                I2C2_ER_IRQHandler
                0x0800282c                DMA2_Stream1_IRQHandler
                0x0800282c                FLASH_IRQHandler
                0x0800282c                DMA2_Stream4_IRQHandler
                0x0800282c                BusFault_Handler
                0x0800282c                USART1_IRQHandler
                0x0800282c                OTG_FS_IRQHandler
                0x0800282c                SPI3_IRQHandler
                0x0800282c                DMA1_Stream4_IRQHandler
                0x0800282c                I2C1_ER_IRQHandler
                0x0800282c                DMA2_Stream6_IRQHandler
                0x0800282c                DMA1_Stream3_IRQHandler
 *fill*         0x0800282e        0x2 
 .text.EXTI_LineConfig
                0x08002830       0x68 ./mydriver/Src/EXTI.o
                0x08002830                EXTI_LineConfig
 .text.EXTI_Init
                0x08002898      0x120 ./mydriver/Src/EXTI.o
                0x08002898                EXTI_Init
 .text.NVIC_EnableInterrupt
                0x080029b8       0x6c ./mydriver/Src/EXTI.o
                0x080029b8                NVIC_EnableInterrupt
 .text.GPIO_Write_Pin
                0x08002a24       0x32 ./mydriver/Src/GPIO.o
                0x08002a24                GPIO_Write_Pin
 .text.GPIO_Init
                0x08002a56      0x16e ./mydriver/Src/GPIO.o
                0x08002a56                GPIO_Init
 .text.RCC_GetSystemClock
                0x08002bc4       0x5c ./mydriver/Src/RCC.o
                0x08002bc4                RCC_GetSystemClock
 .text.RCC_GetHClock
                0x08002c20       0x50 ./mydriver/Src/RCC.o
                0x08002c20                RCC_GetHClock
 .text.RCC_GetPClock1
                0x08002c70       0x50 ./mydriver/Src/RCC.o
                0x08002c70                RCC_GetPClock1
 .text.RCC_GetPClock2
                0x08002cc0       0x50 ./mydriver/Src/RCC.o
                0x08002cc0                RCC_GetPClock2
 .text.USART_Init
                0x08002d10      0x16c ./mydriver/Src/USART.o
                0x08002d10                USART_Init
 .text.USART_TransmitData
                0x08002e7c       0x96 ./mydriver/Src/USART.o
                0x08002e7c                USART_TransmitData
 .text.USART_PeriphState
                0x08002f12       0x40 ./mydriver/Src/USART.o
                0x08002f12                USART_PeriphState
 .text.USART_GetFlagStatus
                0x08002f52       0x2c ./mydriver/Src/USART.o
                0x08002f52                USART_GetFlagStatus
 .text.memset   0x08002f7e       0x10 C:/ST/STM32CubeIDE_1.16.0/STM32CubeIDE/plugins/com.st.stm32cube.ide.mcu.externaltools.gnu-tools-for-stm32.12.3.rel1.win32_1.0.200.202406191623/tools/bin/../lib/gcc/arm-none-eabi/12.3.1/../../../../arm-none-eabi/lib/thumb/v7e-m+fp/hard\libc_nano.a(libc_a-memset.o)
                0x08002f7e                memset
 *fill*         0x08002f8e        0x2 
 .text.__libc_init_array
                0x08002f90       0x48 C:/ST/STM32CubeIDE_1.16.0/STM32CubeIDE/plugins/com.st.stm32cube.ide.mcu.externaltools.gnu-tools-for-stm32.12.3.rel1.win32_1.0.200.202406191623/tools/bin/../lib/gcc/arm-none-eabi/12.3.1/../../../../arm-none-eabi/lib/thumb/v7e-m+fp/hard\libc_nano.a(libc_a-init.o)
                0x08002f90                __libc_init_array
 .text.memcpy   0x08002fd8       0x1c C:/ST/STM32CubeIDE_1.16.0/STM32CubeIDE/plugins/com.st.stm32cube.ide.mcu.externaltools.gnu-tools-for-stm32.12.3.rel1.win32_1.0.200.202406191623/tools/bin/../lib/gcc/arm-none-eabi/12.3.1/../../../../arm-none-eabi/lib/thumb/v7e-m+fp/hard\libc_nano.a(libc_a-memcpy-stub.o)
                0x08002fd8                memcpy
 *(.glue_7)
 .glue_7        0x08002ff4        0x0 linker stubs
 *(.glue_7t)
 .glue_7t       0x08002ff4        0x0 linker stubs
 *(.eh_frame)
 .eh_frame      0x08002ff4        0x0 C:/ST/STM32CubeIDE_1.16.0/STM32CubeIDE/plugins/com.st.stm32cube.ide.mcu.externaltools.gnu-tools-for-stm32.12.3.rel1.win32_1.0.200.202406191623/tools/bin/../lib/gcc/arm-none-eabi/12.3.1/thumb/v7e-m+fp/hard/crtbegin.o
 *(.init)
 .init          0x08002ff4        0x4 C:/ST/STM32CubeIDE_1.16.0/STM32CubeIDE/plugins/com.st.stm32cube.ide.mcu.externaltools.gnu-tools-for-stm32.12.3.rel1.win32_1.0.200.202406191623/tools/bin/../lib/gcc/arm-none-eabi/12.3.1/thumb/v7e-m+fp/hard/crti.o
                0x08002ff4                _init
 .init          0x08002ff8        0x8 C:/ST/STM32CubeIDE_1.16.0/STM32CubeIDE/plugins/com.st.stm32cube.ide.mcu.externaltools.gnu-tools-for-stm32.12.3.rel1.win32_1.0.200.202406191623/tools/bin/../lib/gcc/arm-none-eabi/12.3.1/thumb/v7e-m+fp/hard/crtn.o
 *(.fini)
 .fini          0x08003000        0x4 C:/ST/STM32CubeIDE_1.16.0/STM32CubeIDE/plugins/com.st.stm32cube.ide.mcu.externaltools.gnu-tools-for-stm32.12.3.rel1.win32_1.0.200.202406191623/tools/bin/../lib/gcc/arm-none-eabi/12.3.1/thumb/v7e-m+fp/hard/crti.o
                0x08003000                _fini
 .fini          0x08003004        0x8 C:/ST/STM32CubeIDE_1.16.0/STM32CubeIDE/plugins/com.st.stm32cube.ide.mcu.externaltools.gnu-tools-for-stm32.12.3.rel1.win32_1.0.200.202406191623/tools/bin/../lib/gcc/arm-none-eabi/12.3.1/thumb/v7e-m+fp/hard/crtn.o
                0x0800300c                        . = ALIGN (0x4)
                0x0800300c                        _etext = .

.vfp11_veneer   0x0800300c        0x0
 .vfp11_veneer  0x0800300c        0x0 linker stubs

.v4_bx          0x0800300c        0x0
 .v4_bx         0x0800300c        0x0 linker stubs

.iplt           0x0800300c        0x0
 .iplt          0x0800300c        0x0 C:/ST/STM32CubeIDE_1.16.0/STM32CubeIDE/plugins/com.st.stm32cube.ide.mcu.externaltools.gnu-tools-for-stm32.12.3.rel1.win32_1.0.200.202406191623/tools/bin/../lib/gcc/arm-none-eabi/12.3.1/thumb/v7e-m+fp/hard/crtbegin.o

.rodata         0x0800300c       0x60
                0x0800300c                        . = ALIGN (0x4)
 *(.rodata)
 .rodata        0x0800300c        0x5 ./MiddleWares/Third_Party/FreeRTOS/org/tasks.o
 *fill*         0x08003011        0x3 
 .rodata        0x08003014        0xd ./MiddleWares/Third_Party/FreeRTOS/org/timers.o
 *fill*         0x08003021        0x3 
 .rodata        0x08003024       0x2d ./Src/main.o
 *(.rodata*)
 *fill*         0x08003051        0x3 
 .rodata.AHB_Prescaler
                0x08003054       0x10 ./mydriver/Src/RCC.o
                0x08003054                AHB_Prescaler
 .rodata.APB_Prescaler
                0x08003064        0x8 ./mydriver/Src/RCC.o
                0x08003064                APB_Prescaler
                0x0800306c                        . = ALIGN (0x4)

.ARM.extab      0x0800306c        0x0
                0x0800306c                        . = ALIGN (0x4)
 *(.ARM.extab* .gnu.linkonce.armextab.*)
                0x0800306c                        . = ALIGN (0x4)

.ARM            0x0800306c        0x0
                0x0800306c                        . = ALIGN (0x4)
                0x0800306c                        __exidx_start = .
 *(.ARM.exidx*)
                0x0800306c                        __exidx_end = .
                0x0800306c                        . = ALIGN (0x4)

.preinit_array  0x0800306c        0x0
                0x0800306c                        . = ALIGN (0x4)
                0x0800306c                        PROVIDE (__preinit_array_start = .)
 *(.preinit_array*)
                0x0800306c                        PROVIDE (__preinit_array_end = .)
                0x0800306c                        . = ALIGN (0x4)

.init_array     0x0800306c        0x4
                0x0800306c                        . = ALIGN (0x4)
                0x0800306c                        PROVIDE (__init_array_start = .)
 *(SORT_BY_NAME(.init_array.*))
 *(.init_array*)
 .init_array    0x0800306c        0x4 C:/ST/STM32CubeIDE_1.16.0/STM32CubeIDE/plugins/com.st.stm32cube.ide.mcu.externaltools.gnu-tools-for-stm32.12.3.rel1.win32_1.0.200.202406191623/tools/bin/../lib/gcc/arm-none-eabi/12.3.1/thumb/v7e-m+fp/hard/crtbegin.o
                0x08003070                        PROVIDE (__init_array_end = .)
                0x08003070                        . = ALIGN (0x4)

.fini_array     0x08003070        0x4
                0x08003070                        . = ALIGN (0x4)
                [!provide]                        PROVIDE (__fini_array_start = .)
 *(SORT_BY_NAME(.fini_array.*))
 *(.fini_array*)
 .fini_array    0x08003070        0x4 C:/ST/STM32CubeIDE_1.16.0/STM32CubeIDE/plugins/com.st.stm32cube.ide.mcu.externaltools.gnu-tools-for-stm32.12.3.rel1.win32_1.0.200.202406191623/tools/bin/../lib/gcc/arm-none-eabi/12.3.1/thumb/v7e-m+fp/hard/crtbegin.o
                [!provide]                        PROVIDE (__fini_array_end = .)
                0x08003074                        . = ALIGN (0x4)
                0x08003074                        _sidata = LOADADDR (.data)

.rel.dyn        0x08003074        0x0
 .rel.iplt      0x08003074        0x0 C:/ST/STM32CubeIDE_1.16.0/STM32CubeIDE/plugins/com.st.stm32cube.ide.mcu.externaltools.gnu-tools-for-stm32.12.3.rel1.win32_1.0.200.202406191623/tools/bin/../lib/gcc/arm-none-eabi/12.3.1/thumb/v7e-m+fp/hard/crtbegin.o

.data           0x20000000       0x14 load address 0x08003074
                0x20000000                        . = ALIGN (0x4)
                0x20000000                        _sdata = .
 *(.data)
 *(.data*)
 .data.uxTopUsedPriority
                0x20000000        0x4 ./MiddleWares/Third_Party/FreeRTOS/org/tasks.o
                0x20000000                uxTopUsedPriority
 .data.uxCriticalNesting
                0x20000004        0x4 ./MiddleWares/Third_Party/FreeRTOS/org/portable/GCC/ARM_CM4F/port.o
 .data.accesss  0x20000008        0x4 ./Src/main.o
                0x20000008                accesss
 .data.accesss2
                0x2000000c        0x4 ./Src/main.o
                0x2000000c                accesss2
 .data.SystemCoreClock
                0x20000010        0x4 ./mydriver/Src/RCC.o
                0x20000010                SystemCoreClock
 *(.RamFunc)
 *(.RamFunc*)
                0x20000014                        . = ALIGN (0x4)
                0x20000014                        _edata = .

.igot.plt       0x20000014        0x0 load address 0x08003088
 .igot.plt      0x20000014        0x0 C:/ST/STM32CubeIDE_1.16.0/STM32CubeIDE/plugins/com.st.stm32cube.ide.mcu.externaltools.gnu-tools-for-stm32.12.3.rel1.win32_1.0.200.202406191623/tools/bin/../lib/gcc/arm-none-eabi/12.3.1/thumb/v7e-m+fp/hard/crtbegin.o
                0x20000014                        . = ALIGN (0x4)

.bss            0x20000014    0x12de8 load address 0x08003088
                0x20000014                        _sbss = .
                0x20000014                        __bss_start__ = _sbss
 *(.bss)
 .bss           0x20000014       0x1c C:/ST/STM32CubeIDE_1.16.0/STM32CubeIDE/plugins/com.st.stm32cube.ide.mcu.externaltools.gnu-tools-for-stm32.12.3.rel1.win32_1.0.200.202406191623/tools/bin/../lib/gcc/arm-none-eabi/12.3.1/thumb/v7e-m+fp/hard/crtbegin.o
 *(.bss*)
 .bss.xQueueRegistry
                0x20000030       0x40 ./MiddleWares/Third_Party/FreeRTOS/org/queue.o
                0x20000030                xQueueRegistry
 .bss.pxCurrentTCB
                0x20000070        0x4 ./MiddleWares/Third_Party/FreeRTOS/org/tasks.o
                0x20000070                pxCurrentTCB
 .bss.pxReadyTasksLists
                0x20000074       0x64 ./MiddleWares/Third_Party/FreeRTOS/org/tasks.o
 .bss.xDelayedTaskList1
                0x200000d8       0x14 ./MiddleWares/Third_Party/FreeRTOS/org/tasks.o
 .bss.xDelayedTaskList2
                0x200000ec       0x14 ./MiddleWares/Third_Party/FreeRTOS/org/tasks.o
 .bss.pxDelayedTaskList
                0x20000100        0x4 ./MiddleWares/Third_Party/FreeRTOS/org/tasks.o
 .bss.pxOverflowDelayedTaskList
                0x20000104        0x4 ./MiddleWares/Third_Party/FreeRTOS/org/tasks.o
 .bss.xPendingReadyList
                0x20000108       0x14 ./MiddleWares/Third_Party/FreeRTOS/org/tasks.o
 .bss.xTasksWaitingTermination
                0x2000011c       0x14 ./MiddleWares/Third_Party/FreeRTOS/org/tasks.o
 .bss.uxDeletedTasksWaitingCleanUp
                0x20000130        0x4 ./MiddleWares/Third_Party/FreeRTOS/org/tasks.o
 .bss.xSuspendedTaskList
                0x20000134       0x14 ./MiddleWares/Third_Party/FreeRTOS/org/tasks.o
 .bss.uxCurrentNumberOfTasks
                0x20000148        0x4 ./MiddleWares/Third_Party/FreeRTOS/org/tasks.o
 .bss.xTickCount
                0x2000014c        0x4 ./MiddleWares/Third_Party/FreeRTOS/org/tasks.o
 .bss.uxTopReadyPriority
                0x20000150        0x4 ./MiddleWares/Third_Party/FreeRTOS/org/tasks.o
 .bss.xSchedulerRunning
                0x20000154        0x4 ./MiddleWares/Third_Party/FreeRTOS/org/tasks.o
 .bss.xPendedTicks
                0x20000158        0x4 ./MiddleWares/Third_Party/FreeRTOS/org/tasks.o
 .bss.xYieldPending
                0x2000015c        0x4 ./MiddleWares/Third_Party/FreeRTOS/org/tasks.o
 .bss.xNumOfOverflows
                0x20000160        0x4 ./MiddleWares/Third_Party/FreeRTOS/org/tasks.o
 .bss.uxTaskNumber
                0x20000164        0x4 ./MiddleWares/Third_Party/FreeRTOS/org/tasks.o
 .bss.xNextTaskUnblockTime
                0x20000168        0x4 ./MiddleWares/Third_Party/FreeRTOS/org/tasks.o
 .bss.xIdleTaskHandle
                0x2000016c        0x4 ./MiddleWares/Third_Party/FreeRTOS/org/tasks.o
 .bss.uxSchedulerSuspended
                0x20000170        0x4 ./MiddleWares/Third_Party/FreeRTOS/org/tasks.o
 .bss.xActiveTimerList1
                0x20000174       0x14 ./MiddleWares/Third_Party/FreeRTOS/org/timers.o
 .bss.xActiveTimerList2
                0x20000188       0x14 ./MiddleWares/Third_Party/FreeRTOS/org/timers.o
 .bss.pxCurrentTimerList
                0x2000019c        0x4 ./MiddleWares/Third_Party/FreeRTOS/org/timers.o
 .bss.pxOverflowTimerList
                0x200001a0        0x4 ./MiddleWares/Third_Party/FreeRTOS/org/timers.o
 .bss.xTimerQueue
                0x200001a4        0x4 ./MiddleWares/Third_Party/FreeRTOS/org/timers.o
 .bss.xTimerTaskHandle
                0x200001a8        0x4 ./MiddleWares/Third_Party/FreeRTOS/org/timers.o
 .bss.xLastTime.0
                0x200001ac        0x4 ./MiddleWares/Third_Party/FreeRTOS/org/timers.o
 .bss.ucMaxSysCallPriority
                0x200001b0        0x1 ./MiddleWares/Third_Party/FreeRTOS/org/portable/GCC/ARM_CM4F/port.o
 *fill*         0x200001b1        0x3 
 .bss.ulMaxPRIGROUPValue
                0x200001b4        0x4 ./MiddleWares/Third_Party/FreeRTOS/org/portable/GCC/ARM_CM4F/port.o
 .bss.ucHeap    0x200001b8    0x12c00 ./MiddleWares/Third_Party/FreeRTOS/org/portable/MemMang/heap_4.o
 .bss.xStart    0x20012db8        0x8 ./MiddleWares/Third_Party/FreeRTOS/org/portable/MemMang/heap_4.o
 .bss.pxEnd     0x20012dc0        0x4 ./MiddleWares/Third_Party/FreeRTOS/org/portable/MemMang/heap_4.o
 .bss.xFreeBytesRemaining
                0x20012dc4        0x4 ./MiddleWares/Third_Party/FreeRTOS/org/portable/MemMang/heap_4.o
 .bss.xMinimumEverFreeBytesRemaining
                0x20012dc8        0x4 ./MiddleWares/Third_Party/FreeRTOS/org/portable/MemMang/heap_4.o
 .bss.xNumberOfSuccessfulAllocations
                0x20012dcc        0x4 ./MiddleWares/Third_Party/FreeRTOS/org/portable/MemMang/heap_4.o
 .bss.xNumberOfSuccessfulFrees
                0x20012dd0        0x4 ./MiddleWares/Third_Party/FreeRTOS/org/portable/MemMang/heap_4.o
 .bss.MyTask1_Handle
                0x20012dd4        0x4 ./Src/main.o
                0x20012dd4                MyTask1_Handle
 .bss.MyTask2_Handle
                0x20012dd8        0x4 ./Src/main.o
                0x20012dd8                MyTask2_Handle
 .bss.USART_Handle
                0x20012ddc       0x20 ./Src/main.o
                0x20012ddc                USART_Handle
 *(COMMON)
                0x20012dfc                        . = ALIGN (0x4)
                0x20012dfc                        _ebss = .
                0x20012dfc                        __bss_end__ = _ebss

._user_heap_stack
                0x20012dfc      0x604 load address 0x08003088
                0x20012e00                        . = ALIGN (0x8)
 *fill*         0x20012dfc        0x4 
                0x20012e00                        PROVIDE (end = .)
                [!provide]                        PROVIDE (_end = .)
                0x20013000                        . = (. + _Min_Heap_Size)
 *fill*         0x20012e00      0x200 
                0x20013400                        . = (. + _Min_Stack_Size)
 *fill*         0x20013000      0x400 
                0x20013400                        . = ALIGN (0x8)

/DISCARD/
 libc.a(*)
 libm.a(*)
 libgcc.a(*)

.ARM.attributes
                0x00000000       0x30
 *(.ARM.attributes)
 .ARM.attributes
                0x00000000       0x22 C:/ST/STM32CubeIDE_1.16.0/STM32CubeIDE/plugins/com.st.stm32cube.ide.mcu.externaltools.gnu-tools-for-stm32.12.3.rel1.win32_1.0.200.202406191623/tools/bin/../lib/gcc/arm-none-eabi/12.3.1/thumb/v7e-m+fp/hard/crti.o
 .ARM.attributes
                0x00000022       0x34 C:/ST/STM32CubeIDE_1.16.0/STM32CubeIDE/plugins/com.st.stm32cube.ide.mcu.externaltools.gnu-tools-for-stm32.12.3.rel1.win32_1.0.200.202406191623/tools/bin/../lib/gcc/arm-none-eabi/12.3.1/thumb/v7e-m+fp/hard/crtbegin.o
 .ARM.attributes
                0x00000056       0x34 ./MiddleWares/Third_Party/FreeRTOS/org/list.o
 .ARM.attributes
                0x0000008a       0x34 ./MiddleWares/Third_Party/FreeRTOS/org/queue.o
 .ARM.attributes
                0x000000be       0x34 ./MiddleWares/Third_Party/FreeRTOS/org/tasks.o
 .ARM.attributes
                0x000000f2       0x34 ./MiddleWares/Third_Party/FreeRTOS/org/timers.o
 .ARM.attributes
                0x00000126       0x34 ./MiddleWares/Third_Party/FreeRTOS/org/portable/GCC/ARM_CM4F/port.o
 .ARM.attributes
                0x0000015a       0x34 ./MiddleWares/Third_Party/FreeRTOS/org/portable/MemMang/heap_4.o
 .ARM.attributes
                0x0000018e       0x34 ./Src/main.o
 .ARM.attributes
                0x000001c2       0x21 ./Startup/startup_stm32f401retx.o
 .ARM.attributes
                0x000001e3       0x34 ./mydriver/Src/EXTI.o
 .ARM.attributes
                0x00000217       0x34 ./mydriver/Src/GPIO.o
 .ARM.attributes
                0x0000024b       0x34 ./mydriver/Src/RCC.o
 .ARM.attributes
                0x0000027f       0x34 ./mydriver/Src/USART.o
 .ARM.attributes
                0x000002b3       0x34 C:/ST/STM32CubeIDE_1.16.0/STM32CubeIDE/plugins/com.st.stm32cube.ide.mcu.externaltools.gnu-tools-for-stm32.12.3.rel1.win32_1.0.200.202406191623/tools/bin/../lib/gcc/arm-none-eabi/12.3.1/../../../../arm-none-eabi/lib/thumb/v7e-m+fp/hard\libc_nano.a(libc_a-memset.o)
 .ARM.attributes
                0x000002e7       0x34 C:/ST/STM32CubeIDE_1.16.0/STM32CubeIDE/plugins/com.st.stm32cube.ide.mcu.externaltools.gnu-tools-for-stm32.12.3.rel1.win32_1.0.200.202406191623/tools/bin/../lib/gcc/arm-none-eabi/12.3.1/../../../../arm-none-eabi/lib/thumb/v7e-m+fp/hard\libc_nano.a(libc_a-init.o)
 .ARM.attributes
                0x0000031b       0x34 C:/ST/STM32CubeIDE_1.16.0/STM32CubeIDE/plugins/com.st.stm32cube.ide.mcu.externaltools.gnu-tools-for-stm32.12.3.rel1.win32_1.0.200.202406191623/tools/bin/../lib/gcc/arm-none-eabi/12.3.1/../../../../arm-none-eabi/lib/thumb/v7e-m+fp/hard\libc_nano.a(libc_a-memcpy-stub.o)
 .ARM.attributes
                0x0000034f       0x22 C:/ST/STM32CubeIDE_1.16.0/STM32CubeIDE/plugins/com.st.stm32cube.ide.mcu.externaltools.gnu-tools-for-stm32.12.3.rel1.win32_1.0.200.202406191623/tools/bin/../lib/gcc/arm-none-eabi/12.3.1/thumb/v7e-m+fp/hard/crtn.o
OUTPUT(STM32F401RE.elf elf32-littlearm)
LOAD linker stubs
LOAD C:/ST/STM32CubeIDE_1.16.0/STM32CubeIDE/plugins/com.st.stm32cube.ide.mcu.externaltools.gnu-tools-for-stm32.12.3.rel1.win32_1.0.200.202406191623/tools/bin/../lib/gcc/arm-none-eabi/12.3.1/../../../../arm-none-eabi/lib/thumb/v7e-m+fp/hard\libc.a
LOAD C:/ST/STM32CubeIDE_1.16.0/STM32CubeIDE/plugins/com.st.stm32cube.ide.mcu.externaltools.gnu-tools-for-stm32.12.3.rel1.win32_1.0.200.202406191623/tools/bin/../lib/gcc/arm-none-eabi/12.3.1/../../../../arm-none-eabi/lib/thumb/v7e-m+fp/hard\libm.a
LOAD C:/ST/STM32CubeIDE_1.16.0/STM32CubeIDE/plugins/com.st.stm32cube.ide.mcu.externaltools.gnu-tools-for-stm32.12.3.rel1.win32_1.0.200.202406191623/tools/bin/../lib/gcc/arm-none-eabi/12.3.1/thumb/v7e-m+fp/hard\libgcc.a

.debug_info     0x00000000     0x7046
 .debug_info    0x00000000      0x2af ./MiddleWares/Third_Party/FreeRTOS/org/list.o
 .debug_info    0x000002af     0x184f ./MiddleWares/Third_Party/FreeRTOS/org/queue.o
 .debug_info    0x00001afe     0x2401 ./MiddleWares/Third_Party/FreeRTOS/org/tasks.o
 .debug_info    0x00003eff      0xe20 ./MiddleWares/Third_Party/FreeRTOS/org/timers.o
 .debug_info    0x00004d1f      0x4e1 ./MiddleWares/Third_Party/FreeRTOS/org/portable/GCC/ARM_CM4F/port.o
 .debug_info    0x00005200      0x523 ./MiddleWares/Third_Party/FreeRTOS/org/portable/MemMang/heap_4.o
 .debug_info    0x00005723      0xb70 ./Src/main.o
 .debug_info    0x00006293       0x30 ./Startup/startup_stm32f401retx.o
 .debug_info    0x000062c3      0x2de ./mydriver/Src/EXTI.o
 .debug_info    0x000065a1      0x354 ./mydriver/Src/GPIO.o
 .debug_info    0x000068f5      0x38c ./mydriver/Src/RCC.o
 .debug_info    0x00006c81      0x3c5 ./mydriver/Src/USART.o

.debug_abbrev   0x00000000     0x15d2
 .debug_abbrev  0x00000000       0xf5 ./MiddleWares/Third_Party/FreeRTOS/org/list.o
 .debug_abbrev  0x000000f5      0x323 ./MiddleWares/Third_Party/FreeRTOS/org/queue.o
 .debug_abbrev  0x00000418      0x37e ./MiddleWares/Third_Party/FreeRTOS/org/tasks.o
 .debug_abbrev  0x00000796      0x2cb ./MiddleWares/Third_Party/FreeRTOS/org/timers.o
 .debug_abbrev  0x00000a61      0x25a ./MiddleWares/Third_Party/FreeRTOS/org/portable/GCC/ARM_CM4F/port.o
 .debug_abbrev  0x00000cbb      0x256 ./MiddleWares/Third_Party/FreeRTOS/org/portable/MemMang/heap_4.o
 .debug_abbrev  0x00000f11      0x215 ./Src/main.o
 .debug_abbrev  0x00001126       0x24 ./Startup/startup_stm32f401retx.o
 .debug_abbrev  0x0000114a      0x113 ./mydriver/Src/EXTI.o
 .debug_abbrev  0x0000125d      0x12e ./mydriver/Src/GPIO.o
 .debug_abbrev  0x0000138b       0xf0 ./mydriver/Src/RCC.o
 .debug_abbrev  0x0000147b      0x157 ./mydriver/Src/USART.o

.debug_aranges  0x00000000      0x6b0
 .debug_aranges
                0x00000000       0x40 ./MiddleWares/Third_Party/FreeRTOS/org/list.o
 .debug_aranges
                0x00000040      0x130 ./MiddleWares/Third_Party/FreeRTOS/org/queue.o
 .debug_aranges
                0x00000170      0x1f8 ./MiddleWares/Third_Party/FreeRTOS/org/tasks.o
 .debug_aranges
                0x00000368       0xe8 ./MiddleWares/Third_Party/FreeRTOS/org/timers.o
 .debug_aranges
                0x00000450       0x80 ./MiddleWares/Third_Party/FreeRTOS/org/portable/GCC/ARM_CM4F/port.o
 .debug_aranges
                0x000004d0       0x60 ./MiddleWares/Third_Party/FreeRTOS/org/portable/MemMang/heap_4.o
 .debug_aranges
                0x00000530       0x70 ./Src/main.o
 .debug_aranges
                0x000005a0       0x28 ./Startup/startup_stm32f401retx.o
 .debug_aranges
                0x000005c8       0x30 ./mydriver/Src/EXTI.o
 .debug_aranges
                0x000005f8       0x40 ./mydriver/Src/GPIO.o
 .debug_aranges
                0x00000638       0x38 ./mydriver/Src/RCC.o
 .debug_aranges
                0x00000670       0x40 ./mydriver/Src/USART.o

.debug_rnglists
                0x00000000      0x506
 .debug_rnglists
                0x00000000       0x2b ./MiddleWares/Third_Party/FreeRTOS/org/list.o
 .debug_rnglists
                0x0000002b       0xec ./MiddleWares/Third_Party/FreeRTOS/org/queue.o
 .debug_rnglists
                0x00000117      0x195 ./MiddleWares/Third_Party/FreeRTOS/org/tasks.o
 .debug_rnglists
                0x000002ac       0xad ./MiddleWares/Third_Party/FreeRTOS/org/timers.o
 .debug_rnglists
                0x00000359       0x5d ./MiddleWares/Third_Party/FreeRTOS/org/portable/GCC/ARM_CM4F/port.o
 .debug_rnglists
                0x000003b6       0x48 ./MiddleWares/Third_Party/FreeRTOS/org/portable/MemMang/heap_4.o
 .debug_rnglists
                0x000003fe       0x50 ./Src/main.o
 .debug_rnglists
                0x0000044e       0x19 ./Startup/startup_stm32f401retx.o
 .debug_rnglists
                0x00000467       0x20 ./mydriver/Src/EXTI.o
 .debug_rnglists
                0x00000487       0x2c ./mydriver/Src/GPIO.o
 .debug_rnglists
                0x000004b3       0x25 ./mydriver/Src/RCC.o
 .debug_rnglists
                0x000004d8       0x2e ./mydriver/Src/USART.o

.debug_macro    0x00000000     0x2aca
 .debug_macro   0x00000000      0x198 ./MiddleWares/Third_Party/FreeRTOS/org/list.o
 .debug_macro   0x00000198      0x22f ./MiddleWares/Third_Party/FreeRTOS/org/queue.o
 .debug_macro   0x000003c7       0x16 ./MiddleWares/Third_Party/FreeRTOS/org/queue.o
 .debug_macro   0x000003dd       0x35 ./MiddleWares/Third_Party/FreeRTOS/org/queue.o
 .debug_macro   0x00000412       0x20 ./MiddleWares/Third_Party/FreeRTOS/org/queue.o
 .debug_macro   0x00000432       0x80 ./MiddleWares/Third_Party/FreeRTOS/org/queue.o
 .debug_macro   0x000004b2      0x27e ./MiddleWares/Third_Party/FreeRTOS/org/tasks.o
 .debug_macro   0x00000730       0x17 ./MiddleWares/Third_Party/FreeRTOS/org/tasks.o
 .debug_macro   0x00000747      0x1e7 ./MiddleWares/Third_Party/FreeRTOS/org/timers.o
 .debug_macro   0x0000092e       0x97 ./MiddleWares/Third_Party/FreeRTOS/org/timers.o
 .debug_macro   0x000009c5      0x1a7 ./MiddleWares/Third_Party/FreeRTOS/org/portable/GCC/ARM_CM4F/port.o
 .debug_macro   0x00000b6c      0x219 ./MiddleWares/Third_Party/FreeRTOS/org/portable/MemMang/heap_4.o
 .debug_macro   0x00000d85      0x2d7 ./Src/main.o
 .debug_macro   0x0000105c       0x1c ./Src/main.o
 .debug_macro   0x00001078       0x10 ./Src/main.o
 .debug_macro   0x00001088       0x1c ./Src/main.o
 .debug_macro   0x000010a4       0x16 ./Src/main.o
 .debug_macro   0x000010ba      0x146 ./Src/main.o
 .debug_macro   0x00001200      0x3ed ./Src/main.o
 .debug_macro   0x000015ed       0xd9 ./Src/main.o
 .debug_macro   0x000016c6      0x11e ./Src/main.o
 .debug_macro   0x000017e4       0xa6 ./Src/main.o
 .debug_macro   0x0000188a       0x9a ./Src/main.o
 .debug_macro   0x00001924       0x82 ./Src/main.o
 .debug_macro   0x000019a6       0x58 ./Src/main.o
 .debug_macro   0x000019fe       0x16 ./Src/main.o
 .debug_macro   0x00001a14       0x10 ./Src/main.o
 .debug_macro   0x00001a24       0x1c ./Src/main.o
 .debug_macro   0x00001a40       0x52 ./Src/main.o
 .debug_macro   0x00001a92       0x22 ./Src/main.o
 .debug_macro   0x00001ab4       0x10 ./Src/main.o
 .debug_macro   0x00001ac4       0x52 ./Src/main.o
 .debug_macro   0x00001b16       0xc1 ./Src/main.o
 .debug_macro   0x00001bd7       0x1c ./Src/main.o
 .debug_macro   0x00001bf3       0x3d ./Src/main.o
 .debug_macro   0x00001c30      0x51a ./Src/main.o
 .debug_macro   0x0000214a      0x1d3 ./mydriver/Src/EXTI.o
 .debug_macro   0x0000231d       0xa0 ./mydriver/Src/EXTI.o
 .debug_macro   0x000023bd      0x1d3 ./mydriver/Src/GPIO.o
 .debug_macro   0x00002590      0x118 ./mydriver/Src/GPIO.o
 .debug_macro   0x000026a8      0x1d3 ./mydriver/Src/RCC.o
 .debug_macro   0x0000287b      0x1d3 ./mydriver/Src/USART.o
 .debug_macro   0x00002a4e       0x7c ./mydriver/Src/USART.o

.debug_line     0x00000000     0x88f1
 .debug_line    0x00000000      0x83b ./MiddleWares/Third_Party/FreeRTOS/org/list.o
 .debug_line    0x0000083b     0x1747 ./MiddleWares/Third_Party/FreeRTOS/org/queue.o
 .debug_line    0x00001f82     0x1e91 ./MiddleWares/Third_Party/FreeRTOS/org/tasks.o
 .debug_line    0x00003e13      0xd82 ./MiddleWares/Third_Party/FreeRTOS/org/timers.o
 .debug_line    0x00004b95      0x91b ./MiddleWares/Third_Party/FreeRTOS/org/portable/GCC/ARM_CM4F/port.o
 .debug_line    0x000054b0      0xabc ./MiddleWares/Third_Party/FreeRTOS/org/portable/MemMang/heap_4.o
 .debug_line    0x00005f6c      0xa5f ./Src/main.o
 .debug_line    0x000069cb       0x7b ./Startup/startup_stm32f401retx.o
 .debug_line    0x00006a46      0x77b ./mydriver/Src/EXTI.o
 .debug_line    0x000071c1      0x7aa ./mydriver/Src/GPIO.o
 .debug_line    0x0000796b      0x706 ./mydriver/Src/RCC.o
 .debug_line    0x00008071      0x880 ./mydriver/Src/USART.o

.debug_str      0x00000000    0x164d7
 .debug_str     0x00000000     0xaf55 ./MiddleWares/Third_Party/FreeRTOS/org/list.o
                               0xb17a (size before relaxing)
 .debug_str     0x0000af55     0x26f4 ./MiddleWares/Third_Party/FreeRTOS/org/queue.o
                               0xd879 (size before relaxing)
 .debug_str     0x0000d649     0x1b07 ./MiddleWares/Third_Party/FreeRTOS/org/tasks.o
                               0xe28b (size before relaxing)
 .debug_str     0x0000f150      0x555 ./MiddleWares/Third_Party/FreeRTOS/org/timers.o
                               0xd9f9 (size before relaxing)
 .debug_str     0x0000f6a5      0x7f7 ./MiddleWares/Third_Party/FreeRTOS/org/portable/GCC/ARM_CM4F/port.o
                               0x99c1 (size before relaxing)
 .debug_str     0x0000fe9c      0x5e8 ./MiddleWares/Third_Party/FreeRTOS/org/portable/MemMang/heap_4.o
                               0xc9a4 (size before relaxing)
 .debug_str     0x00010484     0x5d17 ./Src/main.o
                              0x11f9f (size before relaxing)
 .debug_str     0x0001619b       0x3f ./Startup/startup_stm32f401retx.o
                                 0x7e (size before relaxing)
 .debug_str     0x000161da       0x7d ./mydriver/Src/EXTI.o
                               0xb223 (size before relaxing)
 .debug_str     0x00016257       0x90 ./mydriver/Src/GPIO.o
                               0xb1a8 (size before relaxing)
 .debug_str     0x000162e7       0xe4 ./mydriver/Src/RCC.o
                               0xb23a (size before relaxing)
 .debug_str     0x000163cb      0x10c ./mydriver/Src/USART.o
                               0xb289 (size before relaxing)

.comment        0x00000000       0x43
 .comment       0x00000000       0x43 ./MiddleWares/Third_Party/FreeRTOS/org/list.o
                                 0x44 (size before relaxing)
 .comment       0x00000043       0x44 ./MiddleWares/Third_Party/FreeRTOS/org/queue.o
 .comment       0x00000043       0x44 ./MiddleWares/Third_Party/FreeRTOS/org/tasks.o
 .comment       0x00000043       0x44 ./MiddleWares/Third_Party/FreeRTOS/org/timers.o
 .comment       0x00000043       0x44 ./MiddleWares/Third_Party/FreeRTOS/org/portable/GCC/ARM_CM4F/port.o
 .comment       0x00000043       0x44 ./MiddleWares/Third_Party/FreeRTOS/org/portable/MemMang/heap_4.o
 .comment       0x00000043       0x44 ./Src/main.o
 .comment       0x00000043       0x44 ./mydriver/Src/EXTI.o
 .comment       0x00000043       0x44 ./mydriver/Src/GPIO.o
 .comment       0x00000043       0x44 ./mydriver/Src/RCC.o
 .comment       0x00000043       0x44 ./mydriver/Src/USART.o

.debug_frame    0x00000000     0x1a40
 .debug_frame   0x00000000       0xd8 ./MiddleWares/Third_Party/FreeRTOS/org/list.o
 .debug_frame   0x000000d8      0x530 ./MiddleWares/Third_Party/FreeRTOS/org/queue.o
 .debug_frame   0x00000608      0x8a8 ./MiddleWares/Third_Party/FreeRTOS/org/tasks.o
 .debug_frame   0x00000eb0      0x3c8 ./MiddleWares/Third_Party/FreeRTOS/org/timers.o
 .debug_frame   0x00001278      0x1a8 ./MiddleWares/Third_Party/FreeRTOS/org/portable/GCC/ARM_CM4F/port.o
 .debug_frame   0x00001420      0x150 ./MiddleWares/Third_Party/FreeRTOS/org/portable/MemMang/heap_4.o
 .debug_frame   0x00001570      0x18c ./Src/main.o
 .debug_frame   0x000016fc       0x88 ./mydriver/Src/EXTI.o
 .debug_frame   0x00001784       0xd8 ./mydriver/Src/GPIO.o
 .debug_frame   0x0000185c       0xa4 ./mydriver/Src/RCC.o
 .debug_frame   0x00001900       0xcc ./mydriver/Src/USART.o
 .debug_frame   0x000019cc       0x20 C:/ST/STM32CubeIDE_1.16.0/STM32CubeIDE/plugins/com.st.stm32cube.ide.mcu.externaltools.gnu-tools-for-stm32.12.3.rel1.win32_1.0.200.202406191623/tools/bin/../lib/gcc/arm-none-eabi/12.3.1/../../../../arm-none-eabi/lib/thumb/v7e-m+fp/hard\libc_nano.a(libc_a-memset.o)
 .debug_frame   0x000019ec       0x2c C:/ST/STM32CubeIDE_1.16.0/STM32CubeIDE/plugins/com.st.stm32cube.ide.mcu.externaltools.gnu-tools-for-stm32.12.3.rel1.win32_1.0.200.202406191623/tools/bin/../lib/gcc/arm-none-eabi/12.3.1/../../../../arm-none-eabi/lib/thumb/v7e-m+fp/hard\libc_nano.a(libc_a-init.o)
 .debug_frame   0x00001a18       0x28 C:/ST/STM32CubeIDE_1.16.0/STM32CubeIDE/plugins/com.st.stm32cube.ide.mcu.externaltools.gnu-tools-for-stm32.12.3.rel1.win32_1.0.200.202406191623/tools/bin/../lib/gcc/arm-none-eabi/12.3.1/../../../../arm-none-eabi/lib/thumb/v7e-m+fp/hard\libc_nano.a(libc_a-memcpy-stub.o)

.debug_line_str
                0x00000000       0x62
 .debug_line_str
                0x00000000       0x62 ./Startup/startup_stm32f401retx.o
