Archive member included to satisfy reference by file (symbol)

c:/st/stm32cubeide_1.12.1/stm32cubeide/plugins/com.st.stm32cube.ide.mcu.externaltools.gnu-tools-for-stm32.10.3-2021.10.win32_1.0.200.202301161003/tools/bin/../lib/gcc/arm-none-eabi/10.3.1/../../../../arm-none-eabi/lib/thumb/v7e-m/nofp\libc_nano.a(lib_a-errno.o)
                              ./Src/syscalls.o (__errno)
c:/st/stm32cubeide_1.12.1/stm32cubeide/plugins/com.st.stm32cube.ide.mcu.externaltools.gnu-tools-for-stm32.10.3-2021.10.win32_1.0.200.202301161003/tools/bin/../lib/gcc/arm-none-eabi/10.3.1/../../../../arm-none-eabi/lib/thumb/v7e-m/nofp\libc_nano.a(lib_a-exit.o)
                              c:/st/stm32cubeide_1.12.1/stm32cubeide/plugins/com.st.stm32cube.ide.mcu.externaltools.gnu-tools-for-stm32.10.3-2021.10.win32_1.0.200.202301161003/tools/bin/../lib/gcc/arm-none-eabi/10.3.1/../../../../arm-none-eabi/lib/thumb/v7e-m/nofp/crt0.o (exit)
c:/st/stm32cubeide_1.12.1/stm32cubeide/plugins/com.st.stm32cube.ide.mcu.externaltools.gnu-tools-for-stm32.10.3-2021.10.win32_1.0.200.202301161003/tools/bin/../lib/gcc/arm-none-eabi/10.3.1/../../../../arm-none-eabi/lib/thumb/v7e-m/nofp\libc_nano.a(lib_a-impure.o)
                              c:/st/stm32cubeide_1.12.1/stm32cubeide/plugins/com.st.stm32cube.ide.mcu.externaltools.gnu-tools-for-stm32.10.3-2021.10.win32_1.0.200.202301161003/tools/bin/../lib/gcc/arm-none-eabi/10.3.1/../../../../arm-none-eabi/lib/thumb/v7e-m/nofp\libc_nano.a(lib_a-exit.o) (_global_impure_ptr)
c:/st/stm32cubeide_1.12.1/stm32cubeide/plugins/com.st.stm32cube.ide.mcu.externaltools.gnu-tools-for-stm32.10.3-2021.10.win32_1.0.200.202301161003/tools/bin/../lib/gcc/arm-none-eabi/10.3.1/../../../../arm-none-eabi/lib/thumb/v7e-m/nofp\libc_nano.a(lib_a-init.o)
                              c:/st/stm32cubeide_1.12.1/stm32cubeide/plugins/com.st.stm32cube.ide.mcu.externaltools.gnu-tools-for-stm32.10.3-2021.10.win32_1.0.200.202301161003/tools/bin/../lib/gcc/arm-none-eabi/10.3.1/../../../../arm-none-eabi/lib/thumb/v7e-m/nofp/crt0.o (__libc_init_array)
c:/st/stm32cubeide_1.12.1/stm32cubeide/plugins/com.st.stm32cube.ide.mcu.externaltools.gnu-tools-for-stm32.10.3-2021.10.win32_1.0.200.202301161003/tools/bin/../lib/gcc/arm-none-eabi/10.3.1/../../../../arm-none-eabi/lib/thumb/v7e-m/nofp\libc_nano.a(lib_a-memset.o)
                              c:/st/stm32cubeide_1.12.1/stm32cubeide/plugins/com.st.stm32cube.ide.mcu.externaltools.gnu-tools-for-stm32.10.3-2021.10.win32_1.0.200.202301161003/tools/bin/../lib/gcc/arm-none-eabi/10.3.1/../../../../arm-none-eabi/lib/thumb/v7e-m/nofp/crt0.o (memset)

Discarded input sections

 .text          0x0000000000000000        0x0 c:/st/stm32cubeide_1.12.1/stm32cubeide/plugins/com.st.stm32cube.ide.mcu.externaltools.gnu-tools-for-stm32.10.3-2021.10.win32_1.0.200.202301161003/tools/bin/../lib/gcc/arm-none-eabi/10.3.1/thumb/v7e-m/nofp/crti.o
 .data          0x0000000000000000        0x0 c:/st/stm32cubeide_1.12.1/stm32cubeide/plugins/com.st.stm32cube.ide.mcu.externaltools.gnu-tools-for-stm32.10.3-2021.10.win32_1.0.200.202301161003/tools/bin/../lib/gcc/arm-none-eabi/10.3.1/thumb/v7e-m/nofp/crti.o
 .bss           0x0000000000000000        0x0 c:/st/stm32cubeide_1.12.1/stm32cubeide/plugins/com.st.stm32cube.ide.mcu.externaltools.gnu-tools-for-stm32.10.3-2021.10.win32_1.0.200.202301161003/tools/bin/../lib/gcc/arm-none-eabi/10.3.1/thumb/v7e-m/nofp/crti.o
 .data          0x0000000000000000        0x4 c:/st/stm32cubeide_1.12.1/stm32cubeide/plugins/com.st.stm32cube.ide.mcu.externaltools.gnu-tools-for-stm32.10.3-2021.10.win32_1.0.200.202301161003/tools/bin/../lib/gcc/arm-none-eabi/10.3.1/thumb/v7e-m/nofp/crtbegin.o
 .rodata        0x0000000000000000       0x24 c:/st/stm32cubeide_1.12.1/stm32cubeide/plugins/com.st.stm32cube.ide.mcu.externaltools.gnu-tools-for-stm32.10.3-2021.10.win32_1.0.200.202301161003/tools/bin/../lib/gcc/arm-none-eabi/10.3.1/thumb/v7e-m/nofp/crtbegin.o
 .text          0x0000000000000000       0x7c c:/st/stm32cubeide_1.12.1/stm32cubeide/plugins/com.st.stm32cube.ide.mcu.externaltools.gnu-tools-for-stm32.10.3-2021.10.win32_1.0.200.202301161003/tools/bin/../lib/gcc/arm-none-eabi/10.3.1/../../../../arm-none-eabi/lib/thumb/v7e-m/nofp/crt0.o
 .data          0x0000000000000000        0x0 c:/st/stm32cubeide_1.12.1/stm32cubeide/plugins/com.st.stm32cube.ide.mcu.externaltools.gnu-tools-for-stm32.10.3-2021.10.win32_1.0.200.202301161003/tools/bin/../lib/gcc/arm-none-eabi/10.3.1/../../../../arm-none-eabi/lib/thumb/v7e-m/nofp/crt0.o
 .bss           0x0000000000000000        0x0 c:/st/stm32cubeide_1.12.1/stm32cubeide/plugins/com.st.stm32cube.ide.mcu.externaltools.gnu-tools-for-stm32.10.3-2021.10.win32_1.0.200.202301161003/tools/bin/../lib/gcc/arm-none-eabi/10.3.1/../../../../arm-none-eabi/lib/thumb/v7e-m/nofp/crt0.o
[...]
Memory Configuration

Name             Origin             Length             Attributes
RAM              0x0000000020000000 0x0000000000018000 xrw
FLASH            0x0000000008000000 0x0000000000080000 xr
*default*        0x0000000000000000 0xffffffffffffffff

Linker script and memory map

LOAD c:/st/stm32cubeide_1.12.1/stm32cubeide/plugins/com.st.stm32cube.ide.mcu.externaltools.gnu-tools-for-stm32.10.3-2021.10.win32_1.0.200.202301161003/tools/bin/../lib/gcc/arm-none-eabi/10.3.1/thumb/v7e-m/nofp/crti.o
LOAD c:/st/stm32cubeide_1.12.1/stm32cubeide/plugins/com.st.stm32cube.ide.mcu.externaltools.gnu-tools-for-stm32.10.3-2021.10.win32_1.0.200.202301161003/tools/bin/../lib/gcc/arm-none-eabi/10.3.1/thumb/v7e-m/nofp/crtbegin.o
LOAD c:/st/stm32cubeide_1.12.1/stm32cubeide/plugins/com.st.stm32cube.ide.mcu.externaltools.gnu-tools-for-stm32.10.3-2021.10.win32_1.0.200.202301161003/tools/bin/../lib/gcc/arm-none-eabi/10.3.1/../../../../arm-none-eabi/lib/thumb/v7e-m/nofp/crt0.o
LOAD ./Src/I2Cex.o
LOAD ./Src/syscalls.o
LOAD ./Src/sysmem.o
LOAD ./Startup/startup_stm32f401retx.o
LOAD ./mydriver/Src/EXTI.o
LOAD ./mydriver/Src/GPIO.o
LOAD ./mydriver/Src/I2C.o
LOAD ./mydriver/Src/RCC.o
LOAD ./mydriver/Src/SPI.o
LOAD ./mydriver/Src/USART.o
START GROUP
LOAD c:/st/stm32cubeide_1.12.1/stm32cubeide/plugins/com.st.stm32cube.ide.mcu.externaltools.gnu-tools-for-stm32.10.3-2021.10.win32_1.0.200.202301161003/tools/bin/../lib/gcc/arm-none-eabi/10.3.1/../../../../arm-none-eabi/lib/thumb/v7e-m/nofp\libc_nano.a
LOAD c:/st/stm32cubeide_1.12.1/stm32cubeide/plugins/com.st.stm32cube.ide.mcu.externaltools.gnu-tools-for-stm32.10.3-2021.10.win32_1.0.200.202301161003/tools/bin/../lib/gcc/arm-none-eabi/10.3.1/../../../../arm-none-eabi/lib/thumb/v7e-m/nofp\libm.a
END GROUP
START GROUP
LOAD c:/st/stm32cubeide_1.12.1/stm32cubeide/plugins/com.st.stm32cube.ide.mcu.externaltools.gnu-tools-for-stm32.10.3-2021.10.win32_1.0.200.202301161003/tools/bin/../lib/gcc/arm-none-eabi/10.3.1/thumb/v7e-m/nofp\libgcc.a
LOAD c:/st/stm32cubeide_1.12.1/stm32cubeide/plugins/com.st.stm32cube.ide.mcu.externaltools.gnu-tools-for-stm32.10.3-2021.10.win32_1.0.200.202301161003/tools/bin/../lib/gcc/arm-none-eabi/10.3.1/../../../../arm-none-eabi/lib/thumb/v7e-m/nofp\libc_nano.a
END GROUP
START GROUP
LOAD c:/st/stm32cubeide_1.12.1/stm32cubeide/plugins/com.st.stm32cube.ide.mcu.externaltools.gnu-tools-for-stm32.10.3-2021.10.win32_1.0.200.202301161003/tools/bin/../lib/gcc/arm-none-eabi/10.3.1/thumb/v7e-m/nofp\libgcc.a
LOAD c:/st/stm32cubeide_1.12.1/stm32cubeide/plugins/com.st.stm32cube.ide.mcu.externaltools.gnu-tools-for-stm32.10.3-2021.10.win32_1.0.200.202301161003/tools/bin/../lib/gcc/arm-none-eabi/10.3.1/../../../../arm-none-eabi/lib/thumb/v7e-m/nofp\libc_nano.a
LOAD c:/st/stm32cubeide_1.12.1/stm32cubeide/plugins/com.st.stm32cube.ide.mcu.externaltools.gnu-tools-for-stm32.10.3-2021.10.win32_1.0.200.202301161003/tools/bin/../lib/gcc/arm-none-eabi/10.3.1/../../../../arm-none-eabi/lib/thumb/v7e-m/nofp\libnosys.a
END GROUP
START GROUP
LOAD c:/st/stm32cubeide_1.12.1/stm32cubeide/plugins/com.st.stm32cube.ide.mcu.externaltools.gnu-tools-for-stm32.10.3-2021.10.win32_1.0.200.202301161003/tools/bin/../lib/gcc/arm-none-eabi/10.3.1/thumb/v7e-m/nofp\libgcc.a
LOAD c:/st/stm32cubeide_1.12.1/stm32cubeide/plugins/com.st.stm32cube.ide.mcu.externaltools.gnu-tools-for-stm32.10.3-2021.10.win32_1.0.200.202301161003/tools/bin/../lib/gcc/arm-none-eabi/10.3.1/../../../../arm-none-eabi/lib/thumb/v7e-m/nofp\libc_nano.a
LOAD c:/st/stm32cubeide_1.12.1/stm32cubeide/plugins/com.st.stm32cube.ide.mcu.externaltools.gnu-tools-for-stm32.10.3-2021.10.win32_1.0.200.202301161003/tools/bin/../lib/gcc/arm-none-eabi/10.3.1/../../../../arm-none-eabi/lib/thumb/v7e-m/nofp\libnosys.a
END GROUP
LOAD c:/st/stm32cubeide_1.12.1/stm32cubeide/plugins/com.st.stm32cube.ide.mcu.externaltools.gnu-tools-for-stm32.10.3-2021.10.win32_1.0.200.202301161003/tools/bin/../lib/gcc/arm-none-eabi/10.3.1/thumb/v7e-m/nofp/crtend.o
LOAD c:/st/stm32cubeide_1.12.1/stm32cubeide/plugins/com.st.stm32cube.ide.mcu.externaltools.gnu-tools-for-stm32.10.3-2021.10.win32_1.0.200.202301161003/tools/bin/../lib/gcc/arm-none-eabi/10.3.1/thumb/v7e-m/nofp/crtn.o
                0x0000000020018000                _estack = (ORIGIN (RAM) + LENGTH (RAM))
                0x0000000000000200                _Min_Heap_Size = 0x200
                0x0000000000000400                _Min_Stack_Size = 0x400

.isr_vector     0x0000000008000000      0x194
                0x0000000008000000                . = ALIGN (0x4)
 *(.isr_vector)
 .isr_vector    0x0000000008000000      0x194 ./Startup/startup_stm32f401retx.o
                0x0000000008000000                g_pfnVectors
                0x0000000008000194                . = ALIGN (0x4)

.text           0x0000000008000194      0x63c
                0x0000000008000194                . = ALIGN (0x4)
 *(.text)
 .text          0x0000000008000194       0x40 c:/st/stm32cubeide_1.12.1/stm32cubeide/plugins/com.st.stm32cube.ide.mcu.externaltools.gnu-tools-for-stm32.10.3-2021.10.win32_1.0.200.202301161003/tools/bin/../lib/gcc/arm-none-eabi/10.3.1/thumb/v7e-m/nofp/crtbegin.o
 *(.text*)
 .text.main     0x00000000080001d4       0x12 ./Src/I2Cex.o
                0x00000000080001d4                main
 *fill*         0x00000000080001e6        0x2 
 .text.I2C_Config
                0x00000000080001e8       0x78 ./Src/I2Cex.o
                0x00000000080001e8                I2C_Config
 .text.I2C_GPIO_Config
                0x0000000008000260       0x64 ./Src/I2Cex.o
                0x0000000008000260                I2C_GPIO_Config
 .text.Reset_Handler
                0x00000000080002c4       0x50 ./Startup/startup_stm32f401retx.o
                0x00000000080002c4                Reset_Handler
 .text.Default_Handler
                0x0000000008000314        0x2 ./Startup/startup_stm32f401retx.o
                0x0000000008000314                EXTI2_IRQHandler
                0x0000000008000314                DebugMon_Handler
                0x0000000008000314                SPI4_IRQHandler
                0x0000000008000314                TIM1_CC_IRQHandler
                0x0000000008000314                DMA2_Stream5_IRQHandler
                0x0000000008000314                HardFault_Handler
                0x0000000008000314                DMA1_Stream5_IRQHandler
                0x0000000008000314                SysTick_Handler
                0x0000000008000314                SDIO_IRQHandler
                0x0000000008000314                TAMP_STAMP_IRQHandler
                0x0000000008000314                PendSV_Handler
                0x0000000008000314                NMI_Handler
                0x0000000008000314                EXTI3_IRQHandler
                0x0000000008000314                TIM1_UP_TIM10_IRQHandler
                0x0000000008000314                I2C3_ER_IRQHandler
                0x0000000008000314                EXTI18_OTG_FS_WKUP_IRQHandler
                0x0000000008000314                EXTI0_IRQHandler
                0x0000000008000314                I2C2_EV_IRQHandler
                0x0000000008000314                DMA1_Stream2_IRQHandler
                0x0000000008000314                UsageFault_Handler
                0x0000000008000314                DMA2_Stream2_IRQHandler
                0x0000000008000314                SPI1_IRQHandler
                0x0000000008000314                TIM1_BRK_TIM9_IRQHandler
                0x0000000008000314                DMA2_Stream3_IRQHandler
                0x0000000008000314                USART6_IRQHandler
                0x0000000008000314                DMA2_Stream0_IRQHandler
                0x0000000008000314                TIM4_IRQHandler
                0x0000000008000314                I2C1_EV_IRQHandler
                0x0000000008000314                DMA1_Stream6_IRQHandler
                0x0000000008000314                DMA1_Stream1_IRQHandler
                0x0000000008000314                TIM3_IRQHandler
                0x0000000008000314                RCC_IRQHandler
                0x0000000008000314                Default_Handler
                0x0000000008000314                EXTI15_10_IRQHandler
                0x0000000008000314                ADC_IRQHandler
                0x0000000008000314                DMA1_Stream7_IRQHandler
                0x0000000008000314                TIM5_IRQHandler
                0x0000000008000314                DMA2_Stream7_IRQHandler
                0x0000000008000314                I2C3_EV_IRQHandler
                0x0000000008000314                EXTI9_5_IRQHandler
                0x0000000008000314                SPI2_IRQHandler
                0x0000000008000314                MemManage_Handler
                0x0000000008000314                DMA1_Stream0_IRQHandler
                0x0000000008000314                SVC_Handler
                0x0000000008000314                EXTI4_IRQHandler
                0x0000000008000314                EXTI22_RTC_WKUP_IRQHandler
                0x0000000008000314                TIM2_IRQHandler
                0x0000000008000314                EXTI16_PVD_IRQHandler
                0x0000000008000314                TIM1_TRG_COM_TIM11_IRQHandler
                0x0000000008000314                EXTI1_IRQHandler
                0x0000000008000314                EXTI17_RTC_Alarm_IRQHandler
                0x0000000008000314                USART2_IRQHandler
                0x0000000008000314                I2C2_ER_IRQHandler
                0x0000000008000314                DMA2_Stream1_IRQHandler
                0x0000000008000314                FLASH_IRQHandler
                0x0000000008000314                DMA2_Stream4_IRQHandler
                0x0000000008000314                BusFault_Handler
                0x0000000008000314                USART1_IRQHandler
                0x0000000008000314                OTG_FS_IRQHandler
                0x0000000008000314                SPI3_IRQHandler
                0x0000000008000314                DMA1_Stream4_IRQHandler
                0x0000000008000314                I2C1_ER_IRQHandler
                0x0000000008000314                DMA2_Stream6_IRQHandler
                0x0000000008000314                DMA1_Stream3_IRQHandler
 .text.GPIO_Init
                0x0000000008000316      0x16c ./mydriver/Src/GPIO.o
                0x0000000008000316                GPIO_Init
 *fill*         0x0000000008000482        0x2 
 .text.I2C_Init
                0x0000000008000484      0x1bc ./mydriver/Src/I2C.o
                0x0000000008000484                I2C_Init
 .text.I2C_PeriphState
                0x0000000008000640       0x3e ./mydriver/Src/I2C.o
                0x0000000008000640                I2C_PeriphState
 *fill*         0x000000000800067e        0x2 
 .text.RCC_GetSystemClock
                0x0000000008000680       0x50 ./mydriver/Src/RCC.o
                0x0000000008000680                RCC_GetSystemClock
 .text.RCC_GetHClock
                0x00000000080006d0       0x50 ./mydriver/Src/RCC.o
                0x00000000080006d0                RCC_GetHClock
 .text.RCC_GetPClock1
                0x0000000008000720       0x50 ./mydriver/Src/RCC.o
                0x0000000008000720                RCC_GetPClock1
 .text.__libc_init_array
                0x0000000008000770       0x48 c:/st/stm32cubeide_1.12.1/stm32cubeide/plugins/com.st.stm32cube.ide.mcu.externaltools.gnu-tools-for-stm32.10.3-2021.10.win32_1.0.200.202301161003/tools/bin/../lib/gcc/arm-none-eabi/10.3.1/../../../../arm-none-eabi/lib/thumb/v7e-m/nofp\libc_nano.a(lib_a-init.o)
                0x0000000008000770                __libc_init_array
 *(.glue_7)
 .glue_7        0x00000000080007b8        0x0 linker stubs
 *(.glue_7t)
 .glue_7t       0x00000000080007b8        0x0 linker stubs
 *(.eh_frame)
 .eh_frame      0x00000000080007b8        0x0 c:/st/stm32cubeide_1.12.1/stm32cubeide/plugins/com.st.stm32cube.ide.mcu.externaltools.gnu-tools-for-stm32.10.3-2021.10.win32_1.0.200.202301161003/tools/bin/../lib/gcc/arm-none-eabi/10.3.1/thumb/v7e-m/nofp/crtbegin.o
 *(.init)
 .init          0x00000000080007b8        0x4 c:/st/stm32cubeide_1.12.1/stm32cubeide/plugins/com.st.stm32cube.ide.mcu.externaltools.gnu-tools-for-stm32.10.3-2021.10.win32_1.0.200.202301161003/tools/bin/../lib/gcc/arm-none-eabi/10.3.1/thumb/v7e-m/nofp/crti.o
                0x00000000080007b8                _init
 .init          0x00000000080007bc        0x8 c:/st/stm32cubeide_1.12.1/stm32cubeide/plugins/com.st.stm32cube.ide.mcu.externaltools.gnu-tools-for-stm32.10.3-2021.10.win32_1.0.200.202301161003/tools/bin/../lib/gcc/arm-none-eabi/10.3.1/thumb/v7e-m/nofp/crtn.o
 *(.fini)
 .fini          0x00000000080007c4        0x4 c:/st/stm32cubeide_1.12.1/stm32cubeide/plugins/com.st.stm32cube.ide.mcu.externaltools.gnu-tools-for-stm32.10.3-2021.10.win32_1.0.200.202301161003/tools/bin/../lib/gcc/arm-none-eabi/10.3.1/thumb/v7e-m/nofp/crti.o
                0x00000000080007c4                _fini
 .fini          0x00000000080007c8        0x8 c:/st/stm32cubeide_1.12.1/stm32cubeide/plugins/com.st.stm32cube.ide.mcu.externaltools.gnu-tools-for-stm32.10.3-2021.10.win32_1.0.200.202301161003/tools/bin/../lib/gcc/arm-none-eabi/10.3.1/thumb/v7e-m/nofp/crtn.o
                0x00000000080007d0                . = ALIGN (0x4)
                0x00000000080007d0                _etext = .

.vfp11_veneer   0x00000000080007d0        0x0
 .vfp11_veneer  0x00000000080007d0        0x0 linker stubs

.v4_bx          0x00000000080007d0        0x0
 .v4_bx         0x00000000080007d0        0x0 linker stubs

.iplt           0x00000000080007d0        0x0
 .iplt          0x00000000080007d0        0x0 c:/st/stm32cubeide_1.12.1/stm32cubeide/plugins/com.st.stm32cube.ide.mcu.externaltools.gnu-tools-for-stm32.10.3-2021.10.win32_1.0.200.202301161003/tools/bin/../lib/gcc/arm-none-eabi/10.3.1/thumb/v7e-m/nofp/crtbegin.o

.rodata         0x00000000080007d0       0x18
                0x00000000080007d0                . = ALIGN (0x4)
 *(.rodata)
 *(.rodata*)
 .rodata.AHB_Prescaler
                0x00000000080007d0       0x10 ./mydriver/Src/RCC.o
                0x00000000080007d0                AHB_Prescaler
 .rodata.APB_Prescaler
                0x00000000080007e0        0x8 ./mydriver/Src/RCC.o
                0x00000000080007e0                APB_Prescaler
                0x00000000080007e8                . = ALIGN (0x4)

.rel.dyn        0x00000000080007e8        0x0
 .rel.iplt      0x00000000080007e8        0x0 c:/st/stm32cubeide_1.12.1/stm32cubeide/plugins/com.st.stm32cube.ide.mcu.externaltools.gnu-tools-for-stm32.10.3-2021.10.win32_1.0.200.202301161003/tools/bin/../lib/gcc/arm-none-eabi/10.3.1/thumb/v7e-m/nofp/crtbegin.o

.ARM.extab      0x00000000080007e8        0x0
                0x00000000080007e8                . = ALIGN (0x4)
 *(.ARM.extab* .gnu.linkonce.armextab.*)
                0x00000000080007e8                . = ALIGN (0x4)

.ARM            0x00000000080007e8        0x0
                0x00000000080007e8                . = ALIGN (0x4)
                0x00000000080007e8                __exidx_start = .
 *(.ARM.exidx*)
                0x00000000080007e8                __exidx_end = .
                0x00000000080007e8                . = ALIGN (0x4)

.preinit_array  0x00000000080007e8        0x0
                0x00000000080007e8                . = ALIGN (0x4)
                0x00000000080007e8                PROVIDE (__preinit_array_start = .)
 *(.preinit_array*)
                0x00000000080007e8                PROVIDE (__preinit_array_end = .)
                0x00000000080007e8                . = ALIGN (0x4)

.init_array     0x00000000080007e8        0x4
                0x00000000080007e8                . = ALIGN (0x4)
                0x00000000080007e8                PROVIDE (__init_array_start = .)
 *(SORT_BY_NAME(.init_array.*))
 *(.init_array*)
 .init_array    0x00000000080007e8        0x4 c:/st/stm32cubeide_1.12.1/stm32cubeide/plugins/com.st.stm32cube.ide.mcu.externaltools.gnu-tools-for-stm32.10.3-2021.10.win32_1.0.200.202301161003/tools/bin/../lib/gcc/arm-none-eabi/10.3.1/thumb/v7e-m/nofp/crtbegin.o
                0x00000000080007ec                PROVIDE (__init_array_end = .)
                0x00000000080007ec                . = ALIGN (0x4)

.fini_array     0x00000000080007ec        0x4
                0x00000000080007ec                . = ALIGN (0x4)
                [!provide]                        PROVIDE (__fini_array_start = .)
 *(SORT_BY_NAME(.fini_array.*))
 *(.fini_array*)
 .fini_array    0x00000000080007ec        0x4 c:/st/stm32cubeide_1.12.1/stm32cubeide/plugins/com.st.stm32cube.ide.mcu.externaltools.gnu-tools-for-stm32.10.3-2021.10.win32_1.0.200.202301161003/tools/bin/../lib/gcc/arm-none-eabi/10.3.1/thumb/v7e-m/nofp/crtbegin.o
                [!provide]                        PROVIDE (__fini_array_end = .)
                0x00000000080007f0                . = ALIGN (0x4)
                0x00000000080007f0                _sidata = LOADADDR (.data)

.data           0x0000000020000000        0x0 load address 0x00000000080007f0
                0x0000000020000000                . = ALIGN (0x4)
                0x0000000020000000                _sdata = .
 *(.data)
 *(.data*)
 *(.RamFunc)
 *(.RamFunc*)
                0x0000000020000000                . = ALIGN (0x4)
                0x0000000020000000                _edata = .

.igot.plt       0x0000000020000000        0x0 load address 0x00000000080007f0
 .igot.plt      0x0000000020000000        0x0 c:/st/stm32cubeide_1.12.1/stm32cubeide/plugins/com.st.stm32cube.ide.mcu.externaltools.gnu-tools-for-stm32.10.3-2021.10.win32_1.0.200.202301161003/tools/bin/../lib/gcc/arm-none-eabi/10.3.1/thumb/v7e-m/nofp/crtbegin.o
                0x0000000020000000                . = ALIGN (0x4)

.bss            0x0000000020000000       0x38 load address 0x00000000080007f0
                0x0000000020000000                _sbss = .
                0x0000000020000000                __bss_start__ = _sbss
 *(.bss)
 .bss           0x0000000020000000       0x1c c:/st/stm32cubeide_1.12.1/stm32cubeide/plugins/com.st.stm32cube.ide.mcu.externaltools.gnu-tools-for-stm32.10.3-2021.10.win32_1.0.200.202301161003/tools/bin/../lib/gcc/arm-none-eabi/10.3.1/thumb/v7e-m/nofp/crtbegin.o
 *(.bss*)
 .bss.I2C_Handle
                0x000000002000001c       0x1c ./Src/I2Cex.o
                0x000000002000001c                I2C_Handle
 *(COMMON)
                0x0000000020000038                . = ALIGN (0x4)
                0x0000000020000038                _ebss = .
                0x0000000020000038                __bss_end__ = _ebss

._user_heap_stack
                0x0000000020000038      0x600 load address 0x00000000080007f0
                0x0000000020000038                . = ALIGN (0x8)
                [!provide]                        PROVIDE (end = .)
                0x0000000020000038                PROVIDE (_end = .)
                0x0000000020000238                . = (. + _Min_Heap_Size)
 *fill*         0x0000000020000038      0x200 
                0x0000000020000638                . = (. + _Min_Stack_Size)
 *fill*         0x0000000020000238      0x400 
                0x0000000020000638                . = ALIGN (0x8)

/DISCARD/
 libc.a(*)
 libm.a(*)
 libgcc.a(*)

.ARM.attributes
                0x0000000000000000       0x2a
 *(.ARM.attributes)
 .ARM.attributes
                0x0000000000000000       0x1e c:/st/stm32cubeide_1.12.1/stm32cubeide/plugins/com.st.stm32cube.ide.mcu.externaltools.gnu-tools-for-stm32.10.3-2021.10.win32_1.0.200.202301161003/tools/bin/../lib/gcc/arm-none-eabi/10.3.1/thumb/v7e-m/nofp/crti.o
 .ARM.attributes
                0x000000000000001e       0x2e c:/st/stm32cubeide_1.12.1/stm32cubeide/plugins/com.st.stm32cube.ide.mcu.externaltools.gnu-tools-for-stm32.10.3-2021.10.win32_1.0.200.202301161003/tools/bin/../lib/gcc/arm-none-eabi/10.3.1/thumb/v7e-m/nofp/crtbegin.o
 .ARM.attributes
                0x000000000000004c       0x2e ./Src/I2Cex.o
 .ARM.attributes
                0x000000000000007a       0x21 ./Startup/startup_stm32f401retx.o
 .ARM.attributes
                0x000000000000009b       0x2e ./mydriver/Src/GPIO.o
 .ARM.attributes
                0x00000000000000c9       0x2e ./mydriver/Src/I2C.o
 .ARM.attributes
                0x00000000000000f7       0x2e ./mydriver/Src/RCC.o
 .ARM.attributes
                0x0000000000000125       0x2e c:/st/stm32cubeide_1.12.1/stm32cubeide/plugins/com.st.stm32cube.ide.mcu.externaltools.gnu-tools-for-stm32.10.3-2021.10.win32_1.0.200.202301161003/tools/bin/../lib/gcc/arm-none-eabi/10.3.1/../../../../arm-none-eabi/lib/thumb/v7e-m/nofp\libc_nano.a(lib_a-init.o)
 .ARM.attributes
                0x0000000000000153       0x1e c:/st/stm32cubeide_1.12.1/stm32cubeide/plugins/com.st.stm32cube.ide.mcu.externaltools.gnu-tools-for-stm32.10.3-2021.10.win32_1.0.200.202301161003/tools/bin/../lib/gcc/arm-none-eabi/10.3.1/thumb/v7e-m/nofp/crtn.o
OUTPUT(embeddedporject1.elf elf32-littlearm)
LOAD linker stubs
LOAD c:/st/stm32cubeide_1.12.1/stm32cubeide/plugins/com.st.stm32cube.ide.mcu.externaltools.gnu-tools-for-stm32.10.3-2021.10.win32_1.0.200.202301161003/tools/bin/../lib/gcc/arm-none-eabi/10.3.1/../../../../arm-none-eabi/lib/thumb/v7e-m/nofp\libc.a
LOAD c:/st/stm32cubeide_1.12.1/stm32cubeide/plugins/com.st.stm32cube.ide.mcu.externaltools.gnu-tools-for-stm32.10.3-2021.10.win32_1.0.200.202301161003/tools/bin/../lib/gcc/arm-none-eabi/10.3.1/../../../../arm-none-eabi/lib/thumb/v7e-m/nofp\libm.a
LOAD c:/st/stm32cubeide_1.12.1/stm32cubeide/plugins/com.st.stm32cube.ide.mcu.externaltools.gnu-tools-for-stm32.10.3-2021.10.win32_1.0.200.202301161003/tools/bin/../lib/gcc/arm-none-eabi/10.3.1/thumb/v7e-m/nofp\libgcc.a

.debug_info     0x0000000000000000     0x1179
 .debug_info    0x0000000000000000      0x5bf ./Src/I2Cex.o
 .debug_info    0x00000000000005bf       0x22 ./Startup/startup_stm32f401retx.o
 .debug_info    0x00000000000005e1      0x375 ./mydriver/Src/GPIO.o
 .debug_info    0x0000000000000956      0x44d ./mydriver/Src/I2C.o
 .debug_info    0x0000000000000da3      0x3d6 ./mydriver/Src/RCC.o

.debug_abbrev   0x0000000000000000      0x521
 .debug_abbrev  0x0000000000000000      0x16a ./Src/I2Cex.o
 .debug_abbrev  0x000000000000016a       0x12 ./Startup/startup_stm32f401retx.o
 .debug_abbrev  0x000000000000017c      0x12a ./mydriver/Src/GPIO.o
 .debug_abbrev  0x00000000000002a6      0x190 ./mydriver/Src/I2C.o
 .debug_abbrev  0x0000000000000436       0xeb ./mydriver/Src/RCC.o

.debug_aranges  0x0000000000000000      0x128
 .debug_aranges
                0x0000000000000000       0x30 ./Src/I2Cex.o
 .debug_aranges
                0x0000000000000030       0x28 ./Startup/startup_stm32f401retx.o
 .debug_aranges
                0x0000000000000058       0x40 ./mydriver/Src/GPIO.o
 .debug_aranges
                0x0000000000000098       0x58 ./mydriver/Src/I2C.o
 .debug_aranges
                0x00000000000000f0       0x38 ./mydriver/Src/RCC.o

.debug_ranges   0x0000000000000000       0xe0
 .debug_ranges  0x0000000000000000       0x20 ./Src/I2Cex.o
 .debug_ranges  0x0000000000000020       0x20 ./Startup/startup_stm32f401retx.o
 .debug_ranges  0x0000000000000040       0x30 ./mydriver/Src/GPIO.o
 .debug_ranges  0x0000000000000070       0x48 ./mydriver/Src/I2C.o
 .debug_ranges  0x00000000000000b8       0x28 ./mydriver/Src/RCC.o

.debug_macro    0x0000000000000000     0x2dee
 .debug_macro   0x0000000000000000      0x250 ./Src/I2Cex.o
 .debug_macro   0x0000000000000250      0xa72 ./Src/I2Cex.o
 .debug_macro   0x0000000000000cc2       0x22 ./Src/I2Cex.o
 .debug_macro   0x0000000000000ce4       0x8e ./Src/I2Cex.o
 .debug_macro   0x0000000000000d72       0x51 ./Src/I2Cex.o
 .debug_macro   0x0000000000000dc3      0x103 ./Src/I2Cex.o
 .debug_macro   0x0000000000000ec6       0x6a ./Src/I2Cex.o
 .debug_macro   0x0000000000000f30      0x1df ./Src/I2Cex.o
 .debug_macro   0x000000000000110f       0x52 ./Src/I2Cex.o
 .debug_macro   0x0000000000001161       0x18 ./Src/I2Cex.o
 .debug_macro   0x0000000000001179       0x3c ./Src/I2Cex.o
 .debug_macro   0x00000000000011b5       0x34 ./Src/I2Cex.o
 .debug_macro   0x00000000000011e9      0x174 ./Src/I2Cex.o
 .debug_macro   0x000000000000135d       0x16 ./Src/I2Cex.o
 .debug_macro   0x0000000000001373       0x43 ./Src/I2Cex.o
 .debug_macro   0x00000000000013b6       0x34 ./Src/I2Cex.o
 .debug_macro   0x00000000000013ea       0x10 ./Src/I2Cex.o
 .debug_macro   0x00000000000013fa       0x58 ./Src/I2Cex.o
 .debug_macro   0x0000000000001452       0x71 ./Src/I2Cex.o
 .debug_macro   0x00000000000014c3       0x1c ./Src/I2Cex.o
 .debug_macro   0x00000000000014df      0x12a ./Src/I2Cex.o
 .debug_macro   0x0000000000001609      0x341 ./Src/I2Cex.o
 .debug_macro   0x000000000000194a       0x10 ./Src/I2Cex.o
 .debug_macro   0x000000000000195a       0x35 ./Src/I2Cex.o
 .debug_macro   0x000000000000198f       0x20 ./Src/I2Cex.o
 .debug_macro   0x00000000000019af       0x1c ./Src/I2Cex.o
 .debug_macro   0x00000000000019cb       0x10 ./Src/I2Cex.o
 .debug_macro   0x00000000000019db       0x10 ./Src/I2Cex.o
 .debug_macro   0x00000000000019eb       0x1c ./Src/I2Cex.o
 .debug_macro   0x0000000000001a07       0x52 ./Src/I2Cex.o
 .debug_macro   0x0000000000001a59       0x22 ./Src/I2Cex.o
 .debug_macro   0x0000000000001a7b       0x10 ./Src/I2Cex.o
 .debug_macro   0x0000000000001a8b       0x52 ./Src/I2Cex.o
 .debug_macro   0x0000000000001add       0xd5 ./Src/I2Cex.o
 .debug_macro   0x0000000000001bb2       0x1c ./Src/I2Cex.o
 .debug_macro   0x0000000000001bce       0x3d ./Src/I2Cex.o
 .debug_macro   0x0000000000001c0b       0x16 ./Src/I2Cex.o
 .debug_macro   0x0000000000001c21      0x145 ./Src/I2Cex.o
 .debug_macro   0x0000000000001d66      0x3ed ./Src/I2Cex.o
 .debug_macro   0x0000000000002153       0xd9 ./Src/I2Cex.o
 .debug_macro   0x000000000000222c      0x11e ./Src/I2Cex.o
 .debug_macro   0x000000000000234a       0xa6 ./Src/I2Cex.o
 .debug_macro   0x00000000000023f0       0x9a ./Src/I2Cex.o
 .debug_macro   0x000000000000248a       0x82 ./Src/I2Cex.o
 .debug_macro   0x000000000000250c       0x58 ./Src/I2Cex.o
 .debug_macro   0x0000000000002564      0x260 ./mydriver/Src/GPIO.o
 .debug_macro   0x00000000000027c4      0x118 ./mydriver/Src/GPIO.o
 .debug_macro   0x00000000000028dc      0x260 ./mydriver/Src/I2C.o
 .debug_macro   0x0000000000002b3c       0x52 ./mydriver/Src/I2C.o
 .debug_macro   0x0000000000002b8e      0x260 ./mydriver/Src/RCC.o

.debug_line     0x0000000000000000     0x1e4b
 .debug_line    0x0000000000000000      0x692 ./Src/I2Cex.o
 .debug_line    0x0000000000000692       0x84 ./Startup/startup_stm32f401retx.o
 .debug_line    0x0000000000000716      0x7b1 ./mydriver/Src/GPIO.o
 .debug_line    0x0000000000000ec7      0x874 ./mydriver/Src/I2C.o
 .debug_line    0x000000000000173b      0x710 ./mydriver/Src/RCC.o

.debug_str      0x0000000000000000     0xb8da
 .debug_str     0x0000000000000000     0xb5c0 ./Src/I2Cex.o
                                       0xb7c6 (size before relaxing)
 .debug_str     0x000000000000b5c0       0x31 ./Startup/startup_stm32f401retx.o
                                         0x75 (size before relaxing)
 .debug_str     0x000000000000b5f1       0xc9 ./mydriver/Src/GPIO.o
                                       0xb678 (size before relaxing)
 .debug_str     0x000000000000b6ba      0x13b ./mydriver/Src/I2C.o
                                       0xb758 (size before relaxing)
 .debug_str     0x000000000000b7f5       0xe5 ./mydriver/Src/RCC.o
                                       0xb70a (size before relaxing)

.comment        0x0000000000000000       0x50
 .comment       0x0000000000000000       0x50 ./Src/I2Cex.o
                                         0x51 (size before relaxing)
 .comment       0x0000000000000050       0x51 ./mydriver/Src/GPIO.o
 .comment       0x0000000000000050       0x51 ./mydriver/Src/I2C.o
 .comment       0x0000000000000050       0x51 ./mydriver/Src/RCC.o

.debug_frame    0x0000000000000000      0x364
 .debug_frame   0x0000000000000000       0x74 ./Src/I2Cex.o
 .debug_frame   0x0000000000000074       0xd8 ./mydriver/Src/GPIO.o
 .debug_frame   0x000000000000014c      0x148 ./mydriver/Src/I2C.o
 .debug_frame   0x0000000000000294       0xa4 ./mydriver/Src/RCC.o
 .debug_frame   0x0000000000000338       0x2c c:/st/stm32cubeide_1.12.1/stm32cubeide/plugins/com.st.stm32cube.ide.mcu.externaltools.gnu-tools-for-stm32.10.3-2021.10.win32_1.0.200.202301161003/tools/bin/../lib/gcc/arm-none-eabi/10.3.1/../../../../arm-none-eabi/lib/thumb/v7e-m/nofp\libc_nano.a(lib_a-init.o)
